Archive member included to satisfy reference by file (symbol)

/home/carobers/.cache/arduino/sketches/A587283E1397D80754C7B4396AFAF7FF/../../cores/arduino_samd_nano_33_iot_9a5d7223c21314a81a6ce85ce54ddafd/core.a(SERCOM.cpp.o)
                              /home/carobers/.cache/arduino/sketches/A587283E1397D80754C7B4396AFAF7FF/core/variant.cpp.o (SERCOM::SERCOM(Sercom*))
/home/carobers/.cache/arduino/sketches/A587283E1397D80754C7B4396AFAF7FF/../../cores/arduino_samd_nano_33_iot_9a5d7223c21314a81a6ce85ce54ddafd/core.a(CDC.cpp.o)
                              /home/carobers/.cache/arduino/sketches/A587283E1397D80754C7B4396AFAF7FF/sketch/primecamfe_prototype.ino.cpp.o (Serial_::begin(unsigned long))
/home/carobers/.cache/arduino/sketches/A587283E1397D80754C7B4396AFAF7FF/../../cores/arduino_samd_nano_33_iot_9a5d7223c21314a81a6ce85ce54ddafd/core.a(USBCore.cpp.o)
                              /home/carobers/.cache/arduino/sketches/A587283E1397D80754C7B4396AFAF7FF/../../cores/arduino_samd_nano_33_iot_9a5d7223c21314a81a6ce85ce54ddafd/core.a(CDC.cpp.o) (usbd)
/home/carobers/.cache/arduino/sketches/A587283E1397D80754C7B4396AFAF7FF/../../cores/arduino_samd_nano_33_iot_9a5d7223c21314a81a6ce85ce54ddafd/core.a(Uart.cpp.o)
                              /home/carobers/.cache/arduino/sketches/A587283E1397D80754C7B4396AFAF7FF/core/variant.cpp.o (Uart::Uart(SERCOM*, unsigned char, unsigned char, SercomRXPad, SercomUartTXPad, unsigned char, unsigned char))
/home/carobers/.cache/arduino/sketches/A587283E1397D80754C7B4396AFAF7FF/../../cores/arduino_samd_nano_33_iot_9a5d7223c21314a81a6ce85ce54ddafd/core.a(PluggableUSB.cpp.o)
                              /home/carobers/.cache/arduino/sketches/A587283E1397D80754C7B4396AFAF7FF/../../cores/arduino_samd_nano_33_iot_9a5d7223c21314a81a6ce85ce54ddafd/core.a(USBCore.cpp.o) (arduino::PluggableUSB_::getInterface(unsigned char*))
/home/carobers/.cache/arduino/sketches/A587283E1397D80754C7B4396AFAF7FF/../../cores/arduino_samd_nano_33_iot_9a5d7223c21314a81a6ce85ce54ddafd/core.a(Print.cpp.o)
                              /home/carobers/.cache/arduino/sketches/A587283E1397D80754C7B4396AFAF7FF/../../cores/arduino_samd_nano_33_iot_9a5d7223c21314a81a6ce85ce54ddafd/core.a(Uart.cpp.o) (arduino::Print::write(unsigned char const*, unsigned int))
/home/carobers/.cache/arduino/sketches/A587283E1397D80754C7B4396AFAF7FF/../../cores/arduino_samd_nano_33_iot_9a5d7223c21314a81a6ce85ce54ddafd/core.a(Stream.cpp.o)
                              /home/carobers/.cache/arduino/sketches/A587283E1397D80754C7B4396AFAF7FF/sketch/primecamfe_prototype.ino.cpp.o (arduino::Stream::readStringUntil(char))
/home/carobers/.cache/arduino/sketches/A587283E1397D80754C7B4396AFAF7FF/../../cores/arduino_samd_nano_33_iot_9a5d7223c21314a81a6ce85ce54ddafd/core.a(String.cpp.o)
                              /home/carobers/.cache/arduino/sketches/A587283E1397D80754C7B4396AFAF7FF/sketch/primecamfe_prototype.ino.cpp.o (arduino::String::~String())
/home/carobers/.cache/arduino/sketches/A587283E1397D80754C7B4396AFAF7FF/../../cores/arduino_samd_nano_33_iot_9a5d7223c21314a81a6ce85ce54ddafd/core.a(dtostrf.c.o)
                              /home/carobers/.cache/arduino/sketches/A587283E1397D80754C7B4396AFAF7FF/../../cores/arduino_samd_nano_33_iot_9a5d7223c21314a81a6ce85ce54ddafd/core.a(String.cpp.o) (dtostrf)
/home/carobers/.cache/arduino/sketches/A587283E1397D80754C7B4396AFAF7FF/../../cores/arduino_samd_nano_33_iot_9a5d7223c21314a81a6ce85ce54ddafd/core.a(cortex_handlers.c.o)
                              (Reset_Handler)
/home/carobers/.cache/arduino/sketches/A587283E1397D80754C7B4396AFAF7FF/../../cores/arduino_samd_nano_33_iot_9a5d7223c21314a81a6ce85ce54ddafd/core.a(delay.c.o)
                              /home/carobers/.cache/arduino/sketches/A587283E1397D80754C7B4396AFAF7FF/../../cores/arduino_samd_nano_33_iot_9a5d7223c21314a81a6ce85ce54ddafd/core.a(CDC.cpp.o) (millis)
/home/carobers/.cache/arduino/sketches/A587283E1397D80754C7B4396AFAF7FF/../../cores/arduino_samd_nano_33_iot_9a5d7223c21314a81a6ce85ce54ddafd/core.a(hooks.c.o)
                              /home/carobers/.cache/arduino/sketches/A587283E1397D80754C7B4396AFAF7FF/../../cores/arduino_samd_nano_33_iot_9a5d7223c21314a81a6ce85ce54ddafd/core.a(delay.c.o) (yield)
/home/carobers/.cache/arduino/sketches/A587283E1397D80754C7B4396AFAF7FF/../../cores/arduino_samd_nano_33_iot_9a5d7223c21314a81a6ce85ce54ddafd/core.a(itoa.c.o)
                              /home/carobers/.cache/arduino/sketches/A587283E1397D80754C7B4396AFAF7FF/../../cores/arduino_samd_nano_33_iot_9a5d7223c21314a81a6ce85ce54ddafd/core.a(String.cpp.o) (ltoa)
/home/carobers/.cache/arduino/sketches/A587283E1397D80754C7B4396AFAF7FF/../../cores/arduino_samd_nano_33_iot_9a5d7223c21314a81a6ce85ce54ddafd/core.a(main.cpp.o)
                              /home/carobers/.arduino15/packages/arduino/tools/arm-none-eabi-gcc/7-2017q4/bin/../lib/gcc/arm-none-eabi/7.2.1/../../../../arm-none-eabi/lib/thumb/v6-m/crt0.o (main)
[...]
Memory Configuration

Name             Origin             Length             Attributes
FLASH            0x0000000000002000 0x000000000003e000 xr
RAM              0x0000000020000000 0x0000000000008000 xrw
*default*        0x0000000000000000 0xffffffffffffffff

Linker script and memory map

LOAD /home/carobers/.arduino15/packages/arduino/tools/arm-none-eabi-gcc/7-2017q4/bin/../lib/gcc/arm-none-eabi/7.2.1/thumb/v6-m/crti.o
LOAD /home/carobers/.arduino15/packages/arduino/tools/arm-none-eabi-gcc/7-2017q4/bin/../lib/gcc/arm-none-eabi/7.2.1/thumb/v6-m/crtbegin.o
LOAD /home/carobers/.arduino15/packages/arduino/tools/arm-none-eabi-gcc/7-2017q4/bin/../lib/gcc/arm-none-eabi/7.2.1/../../../../arm-none-eabi/lib/thumb/v6-m/crt0.o
LOAD /home/carobers/.cache/arduino/sketches/A587283E1397D80754C7B4396AFAF7FF/sketch/primecamfe_prototype.ino.cpp.o
LOAD /home/carobers/.cache/arduino/sketches/A587283E1397D80754C7B4396AFAF7FF/libraries/Wire/Wire.cpp.o
LOAD /home/carobers/.cache/arduino/sketches/A587283E1397D80754C7B4396AFAF7FF/core/variant.cpp.o
START GROUP
LOAD /home/carobers/.arduino15/packages/arduino/tools/CMSIS/4.5.0/CMSIS/Lib/GCC//libarm_cortexM0l_math.a
LOAD /home/carobers/.cache/arduino/sketches/A587283E1397D80754C7B4396AFAF7FF/../../cores/arduino_samd_nano_33_iot_9a5d7223c21314a81a6ce85ce54ddafd/core.a
END GROUP
LOAD /home/carobers/.arduino15/packages/arduino/tools/arm-none-eabi-gcc/7-2017q4/bin/../lib/gcc/arm-none-eabi/7.2.1/../../../../arm-none-eabi/lib/thumb/v6-m/libstdc++_nano.a
LOAD /home/carobers/.arduino15/packages/arduino/tools/arm-none-eabi-gcc/7-2017q4/bin/../lib/gcc/arm-none-eabi/7.2.1/../../../../arm-none-eabi/lib/thumb/v6-m/libm.a
START GROUP
LOAD /home/carobers/.arduino15/packages/arduino/tools/arm-none-eabi-gcc/7-2017q4/bin/../lib/gcc/arm-none-eabi/7.2.1/thumb/v6-m/libgcc.a
LOAD /home/carobers/.arduino15/packages/arduino/tools/arm-none-eabi-gcc/7-2017q4/bin/../lib/gcc/arm-none-eabi/7.2.1/../../../../arm-none-eabi/lib/thumb/v6-m/libc_nano.a
END GROUP
START GROUP
LOAD /home/carobers/.arduino15/packages/arduino/tools/arm-none-eabi-gcc/7-2017q4/bin/../lib/gcc/arm-none-eabi/7.2.1/thumb/v6-m/libgcc.a
LOAD /home/carobers/.arduino15/packages/arduino/tools/arm-none-eabi-gcc/7-2017q4/bin/../lib/gcc/arm-none-eabi/7.2.1/../../../../arm-none-eabi/lib/thumb/v6-m/libc_nano.a
LOAD /home/carobers/.arduino15/packages/arduino/tools/arm-none-eabi-gcc/7-2017q4/bin/../lib/gcc/arm-none-eabi/7.2.1/../../../../arm-none-eabi/lib/thumb/v6-m/libnosys.a
END GROUP
START GROUP
LOAD /home/carobers/.arduino15/packages/arduino/tools/arm-none-eabi-gcc/7-2017q4/bin/../lib/gcc/arm-none-eabi/7.2.1/thumb/v6-m/libgcc.a
LOAD /home/carobers/.arduino15/packages/arduino/tools/arm-none-eabi-gcc/7-2017q4/bin/../lib/gcc/arm-none-eabi/7.2.1/../../../../arm-none-eabi/lib/thumb/v6-m/libc_nano.a
LOAD /home/carobers/.arduino15/packages/arduino/tools/arm-none-eabi-gcc/7-2017q4/bin/../lib/gcc/arm-none-eabi/7.2.1/../../../../arm-none-eabi/lib/thumb/v6-m/libnosys.a
END GROUP
LOAD /home/carobers/.arduino15/packages/arduino/tools/arm-none-eabi-gcc/7-2017q4/bin/../lib/gcc/arm-none-eabi/7.2.1/thumb/v6-m/crtend.o
LOAD /home/carobers/.arduino15/packages/arduino/tools/arm-none-eabi-gcc/7-2017q4/bin/../lib/gcc/arm-none-eabi/7.2.1/thumb/v6-m/crtn.o

.text           0x0000000000002000     0x389c
                0x0000000000002000                __text_start__ = .
 *(.sketch_boot)
                0x0000000000002000                . = ALIGN (0x2000)
 *(.isr_vector)
 .isr_vector    0x0000000000002000       0xb4 /home/carobers/.cache/arduino/sketches/A587283E1397D80754C7B4396AFAF7FF/../../cores/arduino_samd_nano_33_iot_9a5d7223c21314a81a6ce85ce54ddafd/core.a(cortex_handlers.c.o)
                0x0000000000002000                exception_table
 *(.text*)
 .text          0x00000000000020b4       0x48 /home/carobers/.arduino15/packages/arduino/tools/arm-none-eabi-gcc/7-2017q4/bin/../lib/gcc/arm-none-eabi/7.2.1/thumb/v6-m/crtbegin.o
 .text.setup    0x00000000000020fc       0x1c /home/carobers/.cache/arduino/sketches/A587283E1397D80754C7B4396AFAF7FF/sketch/primecamfe_prototype.ino.cpp.o
                0x00000000000020fc                setup
 .text.loop     0x0000000000002118      0x144 /home/carobers/.cache/arduino/sketches/A587283E1397D80754C7B4396AFAF7FF/sketch/primecamfe_prototype.ino.cpp.o
                0x0000000000002118                loop
 .text._ZN7arduino5Print17availableForWriteEv
                0x000000000000225c        0x4 /home/carobers/.cache/arduino/sketches/A587283E1397D80754C7B4396AFAF7FF/libraries/Wire/Wire.cpp.o
                0x000000000000225c                arduino::Print::availableForWrite()
 .text._ZN7arduino7TwoWire11requestFromEhj
                0x0000000000002260        0xc /home/carobers/.cache/arduino/sketches/A587283E1397D80754C7B4396AFAF7FF/libraries/Wire/Wire.cpp.o
                0x0000000000002260                arduino::TwoWire::requestFrom(unsigned char, unsigned int)
 .text._ZN7arduino7TwoWire17beginTransmissionEh
                0x000000000000226c       0x18 /home/carobers/.cache/arduino/sketches/A587283E1397D80754C7B4396AFAF7FF/libraries/Wire/Wire.cpp.o
                0x000000000000226c                arduino::TwoWire::beginTransmission(unsigned char)
 .text._ZN7arduino7TwoWire15endTransmissionEv
                0x0000000000002284        0xc /home/carobers/.cache/arduino/sketches/A587283E1397D80754C7B4396AFAF7FF/libraries/Wire/Wire.cpp.o
                0x0000000000002284                arduino::TwoWire::endTransmission()
 .text._ZN7arduino7TwoWire5writeEPKhj
                0x0000000000002290       0x24 /home/carobers/.cache/arduino/sketches/A587283E1397D80754C7B4396AFAF7FF/libraries/Wire/Wire.cpp.o
                0x0000000000002290                arduino::TwoWire::write(unsigned char const*, unsigned int)
 .text._ZN7arduino7TwoWire9availableEv
                0x00000000000022b4        0x6 /home/carobers/.cache/arduino/sketches/A587283E1397D80754C7B4396AFAF7FF/libraries/Wire/Wire.cpp.o
                0x00000000000022b4                arduino::TwoWire::available()
 .text._ZN7arduino7TwoWire5flushEv
                0x00000000000022ba        0x2 /home/carobers/.cache/arduino/sketches/A587283E1397D80754C7B4396AFAF7FF/libraries/Wire/Wire.cpp.o
                0x00000000000022ba                arduino::TwoWire::flush()
 .text._ZN7arduino7TwoWire9onReceiveEPFviE
                0x00000000000022bc        0x8 /home/carobers/.cache/arduino/sketches/A587283E1397D80754C7B4396AFAF7FF/libraries/Wire/Wire.cpp.o
                0x00000000000022bc                arduino::TwoWire::onReceive(void (*)(int))
 .text._ZN7arduino7TwoWire9onRequestEPFvvE
                0x00000000000022c4        0x8 /home/carobers/.cache/arduino/sketches/A587283E1397D80754C7B4396AFAF7FF/libraries/Wire/Wire.cpp.o
                0x00000000000022c4                arduino::TwoWire::onRequest(void (*)())
 .text._ZN7arduino7TwoWire4peekEv
                0x00000000000022cc       0x18 /home/carobers/.cache/arduino/sketches/A587283E1397D80754C7B4396AFAF7FF/libraries/Wire/Wire.cpp.o
                0x00000000000022cc                arduino::TwoWire::peek()
 .text._ZN7arduino7TwoWire5beginEv
                0x00000000000022e4       0x40 /home/carobers/.cache/arduino/sketches/A587283E1397D80754C7B4396AFAF7FF/libraries/Wire/Wire.cpp.o
                0x00000000000022e4                arduino::TwoWire::begin()
 .text._ZN7arduino7TwoWire8setClockEm
                0x0000000000002324       0x1c /home/carobers/.cache/arduino/sketches/A587283E1397D80754C7B4396AFAF7FF/libraries/Wire/Wire.cpp.o
                0x0000000000002324                arduino::TwoWire::setClock(unsigned long)
 .text._ZN7arduino7TwoWire3endEv
                0x0000000000002340        0xa /home/carobers/.cache/arduino/sketches/A587283E1397D80754C7B4396AFAF7FF/libraries/Wire/Wire.cpp.o
                0x0000000000002340                arduino::TwoWire::end()
 *fill*         0x000000000000234a        0x2 
 .text._ZN7arduino7TwoWireC2EP6SERCOMhh
                0x000000000000234c       0x64 /home/carobers/.cache/arduino/sketches/A587283E1397D80754C7B4396AFAF7FF/libraries/Wire/Wire.cpp.o
                0x000000000000234c                arduino::TwoWire::TwoWire(SERCOM*, unsigned char, unsigned char)
                0x000000000000234c                arduino::TwoWire::TwoWire(SERCOM*, unsigned char, unsigned char)
 .text._ZN7arduino7TwoWire5beginEhb
                0x00000000000023b0       0x38 /home/carobers/.cache/arduino/sketches/A587283E1397D80754C7B4396AFAF7FF/libraries/Wire/Wire.cpp.o
                0x00000000000023b0                arduino::TwoWire::begin(unsigned char, bool)
 .text._ZN7arduino7TwoWire5beginEh
                0x00000000000023e8        0xa /home/carobers/.cache/arduino/sketches/A587283E1397D80754C7B4396AFAF7FF/libraries/Wire/Wire.cpp.o
                0x00000000000023e8                arduino::TwoWire::begin(unsigned char)
 .text._ZN7arduino11RingBufferNILi256EE10store_charEh
                0x00000000000023f2       0x24 /home/carobers/.cache/arduino/sketches/A587283E1397D80754C7B4396AFAF7FF/libraries/Wire/Wire.cpp.o
                0x00000000000023f2                arduino::RingBufferN<256>::store_char(unsigned char)
 .text._ZN7arduino7TwoWire11requestFromEhjb
                0x0000000000002416       0x90 /home/carobers/.cache/arduino/sketches/A587283E1397D80754C7B4396AFAF7FF/libraries/Wire/Wire.cpp.o
                0x0000000000002416                arduino::TwoWire::requestFrom(unsigned char, unsigned int, bool)
 .text._ZN7arduino7TwoWire5writeEh
                0x00000000000024a6       0x28 /home/carobers/.cache/arduino/sketches/A587283E1397D80754C7B4396AFAF7FF/libraries/Wire/Wire.cpp.o
                0x00000000000024a6                arduino::TwoWire::write(unsigned char)
 .text._ZN7arduino11RingBufferNILi256EE9read_charEv
                0x00000000000024ce       0x24 /home/carobers/.cache/arduino/sketches/A587283E1397D80754C7B4396AFAF7FF/libraries/Wire/Wire.cpp.o
                0x00000000000024ce                arduino::RingBufferN<256>::read_char()
 .text._ZN7arduino7TwoWire15endTransmissionEb
                0x00000000000024f2       0x66 /home/carobers/.cache/arduino/sketches/A587283E1397D80754C7B4396AFAF7FF/libraries/Wire/Wire.cpp.o
                0x00000000000024f2                arduino::TwoWire::endTransmission(bool)
 .text._ZN7arduino7TwoWire4readEv
                0x0000000000002558        0xa /home/carobers/.cache/arduino/sketches/A587283E1397D80754C7B4396AFAF7FF/libraries/Wire/Wire.cpp.o
                0x0000000000002558                arduino::TwoWire::read()
 .text._ZN7arduino7TwoWire9onServiceEv
                0x0000000000002562      0x114 /home/carobers/.cache/arduino/sketches/A587283E1397D80754C7B4396AFAF7FF/libraries/Wire/Wire.cpp.o
                0x0000000000002562                arduino::TwoWire::onService()
 *fill*         0x0000000000002676        0x2 
 .text.SERCOM4_Handler
                0x0000000000002678       0x10 /home/carobers/.cache/arduino/sketches/A587283E1397D80754C7B4396AFAF7FF/libraries/Wire/Wire.cpp.o
                0x0000000000002678                SERCOM4_Handler
 .text.startup._GLOBAL__sub_I__ZN7arduino7TwoWireC2EP6SERCOMhh
                0x0000000000002688       0x18 /home/carobers/.cache/arduino/sketches/A587283E1397D80754C7B4396AFAF7FF/libraries/Wire/Wire.cpp.o
 .text.initVariant
                0x00000000000026a0       0x24 /home/carobers/.cache/arduino/sketches/A587283E1397D80754C7B4396AFAF7FF/core/variant.cpp.o
                0x00000000000026a0                initVariant
 .text.SERCOM5_Handler
                0x00000000000026c4       0x10 /home/carobers/.cache/arduino/sketches/A587283E1397D80754C7B4396AFAF7FF/core/variant.cpp.o
                0x00000000000026c4                SERCOM5_Handler
 .text.SERCOM3_Handler
                0x00000000000026d4       0x10 /home/carobers/.cache/arduino/sketches/A587283E1397D80754C7B4396AFAF7FF/core/variant.cpp.o
                0x00000000000026d4                SERCOM3_Handler
 .text.SERCOM2_Handler
                0x00000000000026e4       0x10 /home/carobers/.cache/arduino/sketches/A587283E1397D80754C7B4396AFAF7FF/core/variant.cpp.o
                0x00000000000026e4                SERCOM2_Handler
 .text.startup._GLOBAL__sub_I_g_APinDescription
                0x00000000000026f4       0xbc /home/carobers/.cache/arduino/sketches/A587283E1397D80754C7B4396AFAF7FF/core/variant.cpp.o
 .text._ZN6SERCOMC2EP6Sercom
                0x00000000000027b0        0x8 /home/carobers/.cache/arduino/sketches/A587283E1397D80754C7B4396AFAF7FF/../../cores/arduino_samd_nano_33_iot_9a5d7223c21314a81a6ce85ce54ddafd/core.a(SERCOM.cpp.o)
                0x00000000000027b0                SERCOM::SERCOM(Sercom*)
                0x00000000000027b0                SERCOM::SERCOM(Sercom*)
 .text._ZN6SERCOM9initFrameE18SercomUartCharSize15SercomDataOrder16SercomParityMode19SercomNumberStopBit
                0x00000000000027b8       0x3a /home/carobers/.cache/arduino/sketches/A587283E1397D80754C7B4396AFAF7FF/../../cores/arduino_samd_nano_33_iot_9a5d7223c21314a81a6ce85ce54ddafd/core.a(SERCOM.cpp.o)
                0x00000000000027b8                SERCOM::initFrame(SercomUartCharSize, SercomDataOrder, SercomParityMode, SercomNumberStopBit)
 .text._ZN6SERCOM8initPadsE15SercomUartTXPad11SercomRXPad
                0x00000000000027f2       0x26 /home/carobers/.cache/arduino/sketches/A587283E1397D80754C7B4396AFAF7FF/../../cores/arduino_samd_nano_33_iot_9a5d7223c21314a81a6ce85ce54ddafd/core.a(SERCOM.cpp.o)
                0x00000000000027f2                SERCOM::initPads(SercomUartTXPad, SercomRXPad)
 .text._ZN6SERCOM9resetUARTEv
                0x0000000000002818       0x1a /home/carobers/.cache/arduino/sketches/A587283E1397D80754C7B4396AFAF7FF/../../cores/arduino_samd_nano_33_iot_9a5d7223c21314a81a6ce85ce54ddafd/core.a(SERCOM.cpp.o)
                0x0000000000002818                SERCOM::resetUART()
 .text._ZN6SERCOM10enableUARTEv
                0x0000000000002832       0x14 /home/carobers/.cache/arduino/sketches/A587283E1397D80754C7B4396AFAF7FF/../../cores/arduino_samd_nano_33_iot_9a5d7223c21314a81a6ce85ce54ddafd/core.a(SERCOM.cpp.o)
                0x0000000000002832                SERCOM::enableUART()
 .text._ZN6SERCOM9flushUARTEv
                0x0000000000002846       0x14 /home/carobers/.cache/arduino/sketches/A587283E1397D80754C7B4396AFAF7FF/../../cores/arduino_samd_nano_33_iot_9a5d7223c21314a81a6ce85ce54ddafd/core.a(SERCOM.cpp.o)
                0x0000000000002846                SERCOM::flushUART()
 .text._ZN6SERCOM15clearStatusUARTEv
                0x000000000000285a        0x8 /home/carobers/.cache/arduino/sketches/A587283E1397D80754C7B4396AFAF7FF/../../cores/arduino_samd_nano_33_iot_9a5d7223c21314a81a6ce85ce54ddafd/core.a(SERCOM.cpp.o)
                0x000000000000285a                SERCOM::clearStatusUART()
 .text._ZN6SERCOM17availableDataUARTEv
                0x0000000000002862        0xa /home/carobers/.cache/arduino/sketches/A587283E1397D80754C7B4396AFAF7FF/../../cores/arduino_samd_nano_33_iot_9a5d7223c21314a81a6ce85ce54ddafd/core.a(SERCOM.cpp.o)
                0x0000000000002862                SERCOM::availableDataUART()
 .text._ZN6SERCOM11isUARTErrorEv
                0x000000000000286c        0x8 /home/carobers/.cache/arduino/sketches/A587283E1397D80754C7B4396AFAF7FF/../../cores/arduino_samd_nano_33_iot_9a5d7223c21314a81a6ce85ce54ddafd/core.a(SERCOM.cpp.o)
                0x000000000000286c                SERCOM::isUARTError()
 .text._ZN6SERCOM20acknowledgeUARTErrorEv
                0x0000000000002874        0xe /home/carobers/.cache/arduino/sketches/A587283E1397D80754C7B4396AFAF7FF/../../cores/arduino_samd_nano_33_iot_9a5d7223c21314a81a6ce85ce54ddafd/core.a(SERCOM.cpp.o)
                0x0000000000002874                SERCOM::acknowledgeUARTError()
 .text._ZN6SERCOM16isFrameErrorUARTEv
                0x0000000000002882        0xa /home/carobers/.cache/arduino/sketches/A587283E1397D80754C7B4396AFAF7FF/../../cores/arduino_samd_nano_33_iot_9a5d7223c21314a81a6ce85ce54ddafd/core.a(SERCOM.cpp.o)
                0x0000000000002882                SERCOM::isFrameErrorUART()
 .text._ZN6SERCOM19clearFrameErrorUARTEv
                0x000000000000288c        0xc /home/carobers/.cache/arduino/sketches/A587283E1397D80754C7B4396AFAF7FF/../../cores/arduino_samd_nano_33_iot_9a5d7223c21314a81a6ce85ce54ddafd/core.a(SERCOM.cpp.o)
                0x000000000000288c                SERCOM::clearFrameErrorUART()
 .text._ZN6SERCOM23isDataRegisterEmptyUARTEv
                0x0000000000002898        0xa /home/carobers/.cache/arduino/sketches/A587283E1397D80754C7B4396AFAF7FF/../../cores/arduino_samd_nano_33_iot_9a5d7223c21314a81a6ce85ce54ddafd/core.a(SERCOM.cpp.o)
                0x0000000000002898                SERCOM::isDataRegisterEmptyUART()
 .text._ZN6SERCOM12readDataUARTEv
                0x00000000000028a2        0x8 /home/carobers/.cache/arduino/sketches/A587283E1397D80754C7B4396AFAF7FF/../../cores/arduino_samd_nano_33_iot_9a5d7223c21314a81a6ce85ce54ddafd/core.a(SERCOM.cpp.o)
                0x00000000000028a2                SERCOM::readDataUART()
 .text._ZN6SERCOM13writeDataUARTEh
                0x00000000000028aa       0x14 /home/carobers/.cache/arduino/sketches/A587283E1397D80754C7B4396AFAF7FF/../../cores/arduino_samd_nano_33_iot_9a5d7223c21314a81a6ce85ce54ddafd/core.a(SERCOM.cpp.o)
                0x00000000000028aa                SERCOM::writeDataUART(unsigned char)
 .text._ZN6SERCOM36enableDataRegisterEmptyInterruptUARTEv
                0x00000000000028be        0x8 /home/carobers/.cache/arduino/sketches/A587283E1397D80754C7B4396AFAF7FF/../../cores/arduino_samd_nano_33_iot_9a5d7223c21314a81a6ce85ce54ddafd/core.a(SERCOM.cpp.o)
                0x00000000000028be                SERCOM::enableDataRegisterEmptyInterruptUART()
 .text._ZN6SERCOM37disableDataRegisterEmptyInterruptUARTEv
                0x00000000000028c6        0x8 /home/carobers/.cache/arduino/sketches/A587283E1397D80754C7B4396AFAF7FF/../../cores/arduino_samd_nano_33_iot_9a5d7223c21314a81a6ce85ce54ddafd/core.a(SERCOM.cpp.o)
                0x00000000000028c6                SERCOM::disableDataRegisterEmptyInterruptUART()
 .text._ZN6SERCOM9resetWIREEv
                0x00000000000028ce       0x1a /home/carobers/.cache/arduino/sketches/A587283E1397D80754C7B4396AFAF7FF/../../cores/arduino_samd_nano_33_iot_9a5d7223c21314a81a6ce85ce54ddafd/core.a(SERCOM.cpp.o)
                0x00000000000028ce                SERCOM::resetWIRE()
 .text._ZN6SERCOM10enableWIREEv
                0x00000000000028e8       0x2a /home/carobers/.cache/arduino/sketches/A587283E1397D80754C7B4396AFAF7FF/../../cores/arduino_samd_nano_33_iot_9a5d7223c21314a81a6ce85ce54ddafd/core.a(SERCOM.cpp.o)
                0x00000000000028e8                SERCOM::enableWIRE()
 .text._ZN6SERCOM11disableWIREEv
                0x0000000000002912       0x14 /home/carobers/.cache/arduino/sketches/A587283E1397D80754C7B4396AFAF7FF/../../cores/arduino_samd_nano_33_iot_9a5d7223c21314a81a6ce85ce54ddafd/core.a(SERCOM.cpp.o)
                0x0000000000002912                SERCOM::disableWIRE()
 .text._ZN6SERCOM18prepareNackBitWIREEv
                0x0000000000002926       0x10 /home/carobers/.cache/arduino/sketches/A587283E1397D80754C7B4396AFAF7FF/../../cores/arduino_samd_nano_33_iot_9a5d7223c21314a81a6ce85ce54ddafd/core.a(SERCOM.cpp.o)
                0x0000000000002926                SERCOM::prepareNackBitWIRE()
 *fill*         0x0000000000002936        0x2 
 .text._ZN6SERCOM17prepareAckBitWIREEv
                0x0000000000002938       0x14 /home/carobers/.cache/arduino/sketches/A587283E1397D80754C7B4396AFAF7FF/../../cores/arduino_samd_nano_33_iot_9a5d7223c21314a81a6ce85ce54ddafd/core.a(SERCOM.cpp.o)
                0x0000000000002938                SERCOM::prepareAckBitWIRE()
 .text._ZN6SERCOM22prepareCommandBitsWireEh
                0x000000000000294c       0x2c /home/carobers/.cache/arduino/sketches/A587283E1397D80754C7B4396AFAF7FF/../../cores/arduino_samd_nano_33_iot_9a5d7223c21314a81a6ce85ce54ddafd/core.a(SERCOM.cpp.o)
                0x000000000000294c                SERCOM::prepareCommandBitsWire(unsigned char)
 .text._ZN6SERCOM21startTransmissionWIREEh23SercomWireReadWriteFlag
                0x0000000000002978       0x84 /home/carobers/.cache/arduino/sketches/A587283E1397D80754C7B4396AFAF7FF/../../cores/arduino_samd_nano_33_iot_9a5d7223c21314a81a6ce85ce54ddafd/core.a(SERCOM.cpp.o)
                0x0000000000002978                SERCOM::startTransmissionWIRE(unsigned char, SercomWireReadWriteFlag)
 .text._ZN6SERCOM18sendDataMasterWIREEh
                0x00000000000029fc       0x30 /home/carobers/.cache/arduino/sketches/A587283E1397D80754C7B4396AFAF7FF/../../cores/arduino_samd_nano_33_iot_9a5d7223c21314a81a6ce85ce54ddafd/core.a(SERCOM.cpp.o)
                0x00000000000029fc                SERCOM::sendDataMasterWIRE(unsigned char)
 .text._ZN6SERCOM17sendDataSlaveWIREEh
                0x0000000000002a2c       0x1c /home/carobers/.cache/arduino/sketches/A587283E1397D80754C7B4396AFAF7FF/../../cores/arduino_samd_nano_33_iot_9a5d7223c21314a81a6ce85ce54ddafd/core.a(SERCOM.cpp.o)
                0x0000000000002a2c                SERCOM::sendDataSlaveWIRE(unsigned char)
 .text._ZN6SERCOM11isSlaveWIREEv
                0x0000000000002a48       0x12 /home/carobers/.cache/arduino/sketches/A587283E1397D80754C7B4396AFAF7FF/../../cores/arduino_samd_nano_33_iot_9a5d7223c21314a81a6ce85ce54ddafd/core.a(SERCOM.cpp.o)
                0x0000000000002a48                SERCOM::isSlaveWIRE()
 .text._ZN6SERCOM14isBusOwnerWIREEv
                0x0000000000002a5a       0x12 /home/carobers/.cache/arduino/sketches/A587283E1397D80754C7B4396AFAF7FF/../../cores/arduino_samd_nano_33_iot_9a5d7223c21314a81a6ce85ce54ddafd/core.a(SERCOM.cpp.o)
                0x0000000000002a5a                SERCOM::isBusOwnerWIRE()
 .text._ZN6SERCOM15isDataReadyWIREEv
                0x0000000000002a6c        0xa /home/carobers/.cache/arduino/sketches/A587283E1397D80754C7B4396AFAF7FF/../../cores/arduino_samd_nano_33_iot_9a5d7223c21314a81a6ce85ce54ddafd/core.a(SERCOM.cpp.o)
                0x0000000000002a6c                SERCOM::isDataReadyWIRE()
 .text._ZN6SERCOM18isStopDetectedWIREEv
                0x0000000000002a76        0xa /home/carobers/.cache/arduino/sketches/A587283E1397D80754C7B4396AFAF7FF/../../cores/arduino_samd_nano_33_iot_9a5d7223c21314a81a6ce85ce54ddafd/core.a(SERCOM.cpp.o)
                0x0000000000002a76                SERCOM::isStopDetectedWIRE()
 .text._ZN6SERCOM21isRestartDetectedWIREEv
                0x0000000000002a80        0xa /home/carobers/.cache/arduino/sketches/A587283E1397D80754C7B4396AFAF7FF/../../cores/arduino_samd_nano_33_iot_9a5d7223c21314a81a6ce85ce54ddafd/core.a(SERCOM.cpp.o)
                0x0000000000002a80                SERCOM::isRestartDetectedWIRE()
 .text._ZN6SERCOM14isAddressMatchEv
                0x0000000000002a8a        0xa /home/carobers/.cache/arduino/sketches/A587283E1397D80754C7B4396AFAF7FF/../../cores/arduino_samd_nano_33_iot_9a5d7223c21314a81a6ce85ce54ddafd/core.a(SERCOM.cpp.o)
                0x0000000000002a8a                SERCOM::isAddressMatch()
 .text._ZN6SERCOM25isMasterReadOperationWIREEv
                0x0000000000002a94        0xa /home/carobers/.cache/arduino/sketches/A587283E1397D80754C7B4396AFAF7FF/../../cores/arduino_samd_nano_33_iot_9a5d7223c21314a81a6ce85ce54ddafd/core.a(SERCOM.cpp.o)
                0x0000000000002a94                SERCOM::isMasterReadOperationWIRE()
 .text._ZN6SERCOM12readDataWIREEv
                0x0000000000002a9e       0x20 /home/carobers/.cache/arduino/sketches/A587283E1397D80754C7B4396AFAF7FF/../../cores/arduino_samd_nano_33_iot_9a5d7223c21314a81a6ce85ce54ddafd/core.a(SERCOM.cpp.o)
                0x0000000000002a9e                SERCOM::readDataWIRE()
 *fill*         0x0000000000002abe        0x2 
 .text._ZN6SERCOM13initClockNVICEv
                0x0000000000002ac0       0xa8 /home/carobers/.cache/arduino/sketches/A587283E1397D80754C7B4396AFAF7FF/../../cores/arduino_samd_nano_33_iot_9a5d7223c21314a81a6ce85ce54ddafd/core.a(SERCOM.cpp.o)
                0x0000000000002ac0                SERCOM::initClockNVIC()
 .text._ZN6SERCOM8initUARTE14SercomUartMode20SercomUartSampleRatem
                0x0000000000002b68       0x6c /home/carobers/.cache/arduino/sketches/A587283E1397D80754C7B4396AFAF7FF/../../cores/arduino_samd_nano_33_iot_9a5d7223c21314a81a6ce85ce54ddafd/core.a(SERCOM.cpp.o)
                0x0000000000002b68                SERCOM::initUART(SercomUartMode, SercomUartSampleRate, unsigned long)
 .text._ZN6SERCOM13initSlaveWIREEhb
                0x0000000000002bd4       0x4a /home/carobers/.cache/arduino/sketches/A587283E1397D80754C7B4396AFAF7FF/../../cores/arduino_samd_nano_33_iot_9a5d7223c21314a81a6ce85ce54ddafd/core.a(SERCOM.cpp.o)
                0x0000000000002bd4                SERCOM::initSlaveWIRE(unsigned char, bool)
 *fill*         0x0000000000002c1e        0x2 
 .text._ZN6SERCOM14initMasterWIREEm
                0x0000000000002c20       0x54 /home/carobers/.cache/arduino/sketches/A587283E1397D80754C7B4396AFAF7FF/../../cores/arduino_samd_nano_33_iot_9a5d7223c21314a81a6ce85ce54ddafd/core.a(SERCOM.cpp.o)
                0x0000000000002c20                SERCOM::initMasterWIRE(unsigned long)
 .text._ZN7Serial_13getDescriptorERN7arduino8USBSetupE
                0x0000000000002c74        0x4 /home/carobers/.cache/arduino/sketches/A587283E1397D80754C7B4396AFAF7FF/../../cores/arduino_samd_nano_33_iot_9a5d7223c21314a81a6ce85ce54ddafd/core.a(CDC.cpp.o)
                0x0000000000002c74                Serial_::getDescriptor(arduino::USBSetup&)
 .text._ZL5utox8mPc
                0x0000000000002c78       0x24 /home/carobers/.cache/arduino/sketches/A587283E1397D80754C7B4396AFAF7FF/../../cores/arduino_samd_nano_33_iot_9a5d7223c21314a81a6ce85ce54ddafd/core.a(CDC.cpp.o)
 .text._ZN7Serial_12getShortNameEPc
                0x0000000000002c9c       0x44 /home/carobers/.cache/arduino/sketches/A587283E1397D80754C7B4396AFAF7FF/../../cores/arduino_samd_nano_33_iot_9a5d7223c21314a81a6ce85ce54ddafd/core.a(CDC.cpp.o)
                0x0000000000002c9c                Serial_::getShortName(char*)
 .text._ZThn16_N7Serial_12getShortNameEPc
                0x0000000000002ce0       0x10 /home/carobers/.cache/arduino/sketches/A587283E1397D80754C7B4396AFAF7FF/../../cores/arduino_samd_nano_33_iot_9a5d7223c21314a81a6ce85ce54ddafd/core.a(CDC.cpp.o)
                0x0000000000002ce0                non-virtual thunk to Serial_::getShortName(char*)
 .text._ZN7Serial_5beginEm
                0x0000000000002cf0        0x2 /home/carobers/.cache/arduino/sketches/A587283E1397D80754C7B4396AFAF7FF/../../cores/arduino_samd_nano_33_iot_9a5d7223c21314a81a6ce85ce54ddafd/core.a(CDC.cpp.o)
                0x0000000000002cf0                Serial_::begin(unsigned long)
 .text._ZN7Serial_5beginEmt
                0x0000000000002cf2        0x2 /home/carobers/.cache/arduino/sketches/A587283E1397D80754C7B4396AFAF7FF/../../cores/arduino_samd_nano_33_iot_9a5d7223c21314a81a6ce85ce54ddafd/core.a(CDC.cpp.o)
                0x0000000000002cf2                Serial_::begin(unsigned long, unsigned short)
 .text._ZN7Serial_17availableForWriteEv
                0x0000000000002cf4        0x4 /home/carobers/.cache/arduino/sketches/A587283E1397D80754C7B4396AFAF7FF/../../cores/arduino_samd_nano_33_iot_9a5d7223c21314a81a6ce85ce54ddafd/core.a(CDC.cpp.o)
                0x0000000000002cf4                Serial_::availableForWrite()
 .text._ZN7Serial_5writeEh
                0x0000000000002cf8       0x14 /home/carobers/.cache/arduino/sketches/A587283E1397D80754C7B4396AFAF7FF/../../cores/arduino_samd_nano_33_iot_9a5d7223c21314a81a6ce85ce54ddafd/core.a(CDC.cpp.o)
                0x0000000000002cf8                Serial_::write(unsigned char)
 .text._ZN7Serial_12getInterfaceEPh
                0x0000000000002d0c      0x11c /home/carobers/.cache/arduino/sketches/A587283E1397D80754C7B4396AFAF7FF/../../cores/arduino_samd_nano_33_iot_9a5d7223c21314a81a6ce85ce54ddafd/core.a(CDC.cpp.o)
                0x0000000000002d0c                Serial_::getInterface(unsigned char*)
 .text._ZThn16_N7Serial_12getInterfaceEPh
                0x0000000000002e28       0x10 /home/carobers/.cache/arduino/sketches/A587283E1397D80754C7B4396AFAF7FF/../../cores/arduino_samd_nano_33_iot_9a5d7223c21314a81a6ce85ce54ddafd/core.a(CDC.cpp.o)
                0x0000000000002e28                non-virtual thunk to Serial_::getInterface(unsigned char*)
 .text._ZN7Serial_5setupERN7arduino8USBSetupE
                0x0000000000002e38       0x9c /home/carobers/.cache/arduino/sketches/A587283E1397D80754C7B4396AFAF7FF/../../cores/arduino_samd_nano_33_iot_9a5d7223c21314a81a6ce85ce54ddafd/core.a(CDC.cpp.o)
                0x0000000000002e38                Serial_::setup(arduino::USBSetup&)
 .text._ZThn16_N7Serial_5setupERN7arduino8USBSetupE
                0x0000000000002ed4       0x10 /home/carobers/.cache/arduino/sketches/A587283E1397D80754C7B4396AFAF7FF/../../cores/arduino_samd_nano_33_iot_9a5d7223c21314a81a6ce85ce54ddafd/core.a(CDC.cpp.o)
                0x0000000000002ed4                non-virtual thunk to Serial_::setup(arduino::USBSetup&)
 .text._ZN7Serial_3endEv
                0x0000000000002ee4        0xe /home/carobers/.cache/arduino/sketches/A587283E1397D80754C7B4396AFAF7FF/../../cores/arduino_samd_nano_33_iot_9a5d7223c21314a81a6ce85ce54ddafd/core.a(CDC.cpp.o)
                0x0000000000002ee4                Serial_::end()
 *fill*         0x0000000000002ef2        0x2 
 .text._ZN7Serial_9availableEv
                0x0000000000002ef4       0x20 /home/carobers/.cache/arduino/sketches/A587283E1397D80754C7B4396AFAF7FF/../../cores/arduino_samd_nano_33_iot_9a5d7223c21314a81a6ce85ce54ddafd/core.a(CDC.cpp.o)
                0x0000000000002ef4                Serial_::available()
 .text._ZN7Serial_5flushEv
                0x0000000000002f14        0xe /home/carobers/.cache/arduino/sketches/A587283E1397D80754C7B4396AFAF7FF/../../cores/arduino_samd_nano_33_iot_9a5d7223c21314a81a6ce85ce54ddafd/core.a(CDC.cpp.o)
                0x0000000000002f14                Serial_::flush()
 .text._ZN7Serial_5clearEv
                0x0000000000002f22        0xe /home/carobers/.cache/arduino/sketches/A587283E1397D80754C7B4396AFAF7FF/../../cores/arduino_samd_nano_33_iot_9a5d7223c21314a81a6ce85ce54ddafd/core.a(CDC.cpp.o)
                0x0000000000002f22                Serial_::clear()
 .text._ZN7Serial_5writeEPKhj
                0x0000000000002f30       0x1e /home/carobers/.cache/arduino/sketches/A587283E1397D80754C7B4396AFAF7FF/../../cores/arduino_samd_nano_33_iot_9a5d7223c21314a81a6ce85ce54ddafd/core.a(CDC.cpp.o)
                0x0000000000002f30                Serial_::write(unsigned char const*, unsigned int)
 *fill*         0x0000000000002f4e        0x2 
 .text._ZN7Serial_4peekEv
                0x0000000000002f50       0x1c /home/carobers/.cache/arduino/sketches/A587283E1397D80754C7B4396AFAF7FF/../../cores/arduino_samd_nano_33_iot_9a5d7223c21314a81a6ce85ce54ddafd/core.a(CDC.cpp.o)
                0x0000000000002f50                Serial_::peek()
 .text._ZN7Serial_4readEv
                0x0000000000002f6c       0x24 /home/carobers/.cache/arduino/sketches/A587283E1397D80754C7B4396AFAF7FF/../../cores/arduino_samd_nano_33_iot_9a5d7223c21314a81a6ce85ce54ddafd/core.a(CDC.cpp.o)
                0x0000000000002f6c                Serial_::read()
 .text._ZN7Serial_cvbEv
                0x0000000000002f90       0x26 /home/carobers/.cache/arduino/sketches/A587283E1397D80754C7B4396AFAF7FF/../../cores/arduino_samd_nano_33_iot_9a5d7223c21314a81a6ce85ce54ddafd/core.a(CDC.cpp.o)
                0x0000000000002f90                Serial_::operator bool()
 .text._ZThn16_N7Serial_13getDescriptorERN7arduino8USBSetupE
                0x0000000000002fb6        0x4 /home/carobers/.cache/arduino/sketches/A587283E1397D80754C7B4396AFAF7FF/../../cores/arduino_samd_nano_33_iot_9a5d7223c21314a81a6ce85ce54ddafd/core.a(CDC.cpp.o)
                0x0000000000002fb6                non-virtual thunk to Serial_::getDescriptor(arduino::USBSetup&)
 .text.resetExternalChip
                0x0000000000002fba        0x2 /home/carobers/.cache/arduino/sketches/A587283E1397D80754C7B4396AFAF7FF/../../cores/arduino_samd_nano_33_iot_9a5d7223c21314a81a6ce85ce54ddafd/core.a(CDC.cpp.o)
                0x0000000000002fba                resetExternalChip
 .text._ZN7Serial_14handleEndpointEi
                0x0000000000002fbc        0x2 /home/carobers/.cache/arduino/sketches/A587283E1397D80754C7B4396AFAF7FF/../../cores/arduino_samd_nano_33_iot_9a5d7223c21314a81a6ce85ce54ddafd/core.a(CDC.cpp.o)
                0x0000000000002fbc                Serial_::handleEndpoint(int)
 *fill*         0x0000000000002fbe        0x2 
 .text._ZN7Serial_C2ER14USBDeviceClass
                0x0000000000002fc0       0x5c /home/carobers/.cache/arduino/sketches/A587283E1397D80754C7B4396AFAF7FF/../../cores/arduino_samd_nano_33_iot_9a5d7223c21314a81a6ce85ce54ddafd/core.a(CDC.cpp.o)
                0x0000000000002fc0                Serial_::Serial_(USBDeviceClass&)
                0x0000000000002fc0                Serial_::Serial_(USBDeviceClass&)
 .text._ZN7Serial_15enableInterruptEv
                0x000000000000301c       0x30 /home/carobers/.cache/arduino/sketches/A587283E1397D80754C7B4396AFAF7FF/../../cores/arduino_samd_nano_33_iot_9a5d7223c21314a81a6ce85ce54ddafd/core.a(CDC.cpp.o)
                0x000000000000301c                Serial_::enableInterrupt()
 .text._ZN7Serial_9readBytesEPcj
                0x000000000000304c       0x3e /home/carobers/.cache/arduino/sketches/A587283E1397D80754C7B4396AFAF7FF/../../cores/arduino_samd_nano_33_iot_9a5d7223c21314a81a6ce85ce54ddafd/core.a(CDC.cpp.o)
                0x000000000000304c                Serial_::readBytes(char*, unsigned int)
 *fill*         0x000000000000308a        0x2 
 .text.startup._GLOBAL__sub_I__ZN7Serial_12getInterfaceEPh
                0x000000000000308c       0x14 /home/carobers/.cache/arduino/sketches/A587283E1397D80754C7B4396AFAF7FF/../../cores/arduino_samd_nano_33_iot_9a5d7223c21314a81a6ce85ce54ddafd/core.a(CDC.cpp.o)
 .text._ZN26DoubleBufferedEPOutHandlerD2Ev
                0x00000000000030a0        0x2 /home/carobers/.cache/arduino/sketches/A587283E1397D80754C7B4396AFAF7FF/../../cores/arduino_samd_nano_33_iot_9a5d7223c21314a81a6ce85ce54ddafd/core.a(USBCore.cpp.o)
                0x00000000000030a0                DoubleBufferedEPOutHandler::~DoubleBufferedEPOutHandler()
                0x00000000000030a0                DoubleBufferedEPOutHandler::~DoubleBufferedEPOutHandler()
 .text._ZN26DoubleBufferedEPOutHandlerD0Ev
                0x00000000000030a2        0xc /home/carobers/.cache/arduino/sketches/A587283E1397D80754C7B4396AFAF7FF/../../cores/arduino_samd_nano_33_iot_9a5d7223c21314a81a6ce85ce54ddafd/core.a(USBCore.cpp.o)
                0x00000000000030a2                DoubleBufferedEPOutHandler::~DoubleBufferedEPOutHandler()
 *fill*         0x00000000000030ae        0x2 
 .text._ZN14USBDeviceClass6initEPEmm.part.7
                0x00000000000030b0       0xc4 /home/carobers/.cache/arduino/sketches/A587283E1397D80754C7B4396AFAF7FF/../../cores/arduino_samd_nano_33_iot_9a5d7223c21314a81a6ce85ce54ddafd/core.a(USBCore.cpp.o)
 .text._ZN7__GuardC2Ev
                0x0000000000003174        0xe /home/carobers/.cache/arduino/sketches/A587283E1397D80754C7B4396AFAF7FF/../../cores/arduino_samd_nano_33_iot_9a5d7223c21314a81a6ce85ce54ddafd/core.a(USBCore.cpp.o)
                0x0000000000003174                __Guard::__Guard()
                0x0000000000003174                __Guard::__Guard()
 .text._ZN7__GuardD2Ev
                0x0000000000003182        0xe /home/carobers/.cache/arduino/sketches/A587283E1397D80754C7B4396AFAF7FF/../../cores/arduino_samd_nano_33_iot_9a5d7223c21314a81a6ce85ce54ddafd/core.a(USBCore.cpp.o)
                0x0000000000003182                __Guard::~__Guard()
                0x0000000000003182                __Guard::~__Guard()
 .text._ZNK26DoubleBufferedEPOutHandler10_availableEv
                0x0000000000003190       0x70 /home/carobers/.cache/arduino/sketches/A587283E1397D80754C7B4396AFAF7FF/../../cores/arduino_samd_nano_33_iot_9a5d7223c21314a81a6ce85ce54ddafd/core.a(USBCore.cpp.o)
                0x0000000000003190                DoubleBufferedEPOutHandler::_available() const
 .text._ZN26DoubleBufferedEPOutHandler7releaseEv
                0x0000000000003200       0x38 /home/carobers/.cache/arduino/sketches/A587283E1397D80754C7B4396AFAF7FF/../../cores/arduino_samd_nano_33_iot_9a5d7223c21314a81a6ce85ce54ddafd/core.a(USBCore.cpp.o)
                0x0000000000003200                DoubleBufferedEPOutHandler::release()
 .text._ZN26DoubleBufferedEPOutHandler14handleEndpointEv
                0x0000000000003238       0xe2 /home/carobers/.cache/arduino/sketches/A587283E1397D80754C7B4396AFAF7FF/../../cores/arduino_samd_nano_33_iot_9a5d7223c21314a81a6ce85ce54ddafd/core.a(USBCore.cpp.o)
                0x0000000000003238                DoubleBufferedEPOutHandler::handleEndpoint()
 .text._ZN14USBDeviceClass14SendInterfacesEPm
                0x000000000000331a       0x20 /home/carobers/.cache/arduino/sketches/A587283E1397D80754C7B4396AFAF7FF/../../cores/arduino_samd_nano_33_iot_9a5d7223c21314a81a6ce85ce54ddafd/core.a(USBCore.cpp.o)
                0x000000000000331a                USBDeviceClass::SendInterfaces(unsigned long*)
 *fill*         0x000000000000333a        0x2 
 .text._ZN14USBDeviceClass6attachEv
                0x000000000000333c       0x34 /home/carobers/.cache/arduino/sketches/A587283E1397D80754C7B4396AFAF7FF/../../cores/arduino_samd_nano_33_iot_9a5d7223c21314a81a6ce85ce54ddafd/core.a(USBCore.cpp.o)
                0x000000000000333c                USBDeviceClass::attach()
 .text._ZN14USBDeviceClass10setAddressEm
                0x0000000000003370       0x48 /home/carobers/.cache/arduino/sketches/A587283E1397D80754C7B4396AFAF7FF/../../cores/arduino_samd_nano_33_iot_9a5d7223c21314a81a6ce85ce54ddafd/core.a(USBCore.cpp.o)
                0x0000000000003370                USBDeviceClass::setAddress(unsigned long)
 .text._ZN14USBDeviceClass25handleClassInterfaceSetupERN7arduino8USBSetupE
                0x00000000000033b8       0x24 /home/carobers/.cache/arduino/sketches/A587283E1397D80754C7B4396AFAF7FF/../../cores/arduino_samd_nano_33_iot_9a5d7223c21314a81a6ce85ce54ddafd/core.a(USBCore.cpp.o)
                0x00000000000033b8                USBDeviceClass::handleClassInterfaceSetup(arduino::USBSetup&)
 .text._ZN14USBDeviceClass6initEPEmm
                0x00000000000033dc      0x10c /home/carobers/.cache/arduino/sketches/A587283E1397D80754C7B4396AFAF7FF/../../cores/arduino_samd_nano_33_iot_9a5d7223c21314a81a6ce85ce54ddafd/core.a(USBCore.cpp.o)
                0x00000000000033dc                USBDeviceClass::initEP(unsigned long, unsigned long)
 .text._ZN14USBDeviceClass13initEndpointsEv
                0x00000000000034e8       0x24 /home/carobers/.cache/arduino/sketches/A587283E1397D80754C7B4396AFAF7FF/../../cores/arduino_samd_nano_33_iot_9a5d7223c21314a81a6ce85ce54ddafd/core.a(USBCore.cpp.o)
                0x00000000000034e8                USBDeviceClass::initEndpoints()
 .text._ZN14USBDeviceClass5clearEm
                0x000000000000350c       0x38 /home/carobers/.cache/arduino/sketches/A587283E1397D80754C7B4396AFAF7FF/../../cores/arduino_samd_nano_33_iot_9a5d7223c21314a81a6ce85ce54ddafd/core.a(USBCore.cpp.o)
                0x000000000000350c                USBDeviceClass::clear(unsigned long)
 .text._ZN14USBDeviceClass9availableEm
                0x0000000000003544       0x2c /home/carobers/.cache/arduino/sketches/A587283E1397D80754C7B4396AFAF7FF/../../cores/arduino_samd_nano_33_iot_9a5d7223c21314a81a6ce85ce54ddafd/core.a(USBCore.cpp.o)
                0x0000000000003544                USBDeviceClass::available(unsigned long)
 .text._ZN14USBDeviceClass5flushEm
                0x0000000000003570       0x2c /home/carobers/.cache/arduino/sketches/A587283E1397D80754C7B4396AFAF7FF/../../cores/arduino_samd_nano_33_iot_9a5d7223c21314a81a6ce85ce54ddafd/core.a(USBCore.cpp.o)
                0x0000000000003570                USBDeviceClass::flush(unsigned long)
 .text._ZN14USBDeviceClass4recvEmPvm
                0x000000000000359c       0xc0 /home/carobers/.cache/arduino/sketches/A587283E1397D80754C7B4396AFAF7FF/../../cores/arduino_samd_nano_33_iot_9a5d7223c21314a81a6ce85ce54ddafd/core.a(USBCore.cpp.o)
                0x000000000000359c                USBDeviceClass::recv(unsigned long, void*, unsigned long)
 .text._ZN14USBDeviceClass4recvEm
                0x000000000000365c       0x1c /home/carobers/.cache/arduino/sketches/A587283E1397D80754C7B4396AFAF7FF/../../cores/arduino_samd_nano_33_iot_9a5d7223c21314a81a6ce85ce54ddafd/core.a(USBCore.cpp.o)
                0x000000000000365c                USBDeviceClass::recv(unsigned long)
 .text._ZN14USBDeviceClass14armRecvCtrlOUTEm
                0x0000000000003678       0x5c /home/carobers/.cache/arduino/sketches/A587283E1397D80754C7B4396AFAF7FF/../../cores/arduino_samd_nano_33_iot_9a5d7223c21314a81a6ce85ce54ddafd/core.a(USBCore.cpp.o)
                0x0000000000003678                USBDeviceClass::armRecvCtrlOUT(unsigned long)
 .text._ZN14USBDeviceClass11recvControlEPvm
                0x00000000000036d4       0x28 /home/carobers/.cache/arduino/sketches/A587283E1397D80754C7B4396AFAF7FF/../../cores/arduino_samd_nano_33_iot_9a5d7223c21314a81a6ce85ce54ddafd/core.a(USBCore.cpp.o)
                0x00000000000036d4                USBDeviceClass::recvControl(void*, unsigned long)
 .text._ZN14USBDeviceClass4sendEmPKvm
                0x00000000000036fc      0x10c /home/carobers/.cache/arduino/sketches/A587283E1397D80754C7B4396AFAF7FF/../../cores/arduino_samd_nano_33_iot_9a5d7223c21314a81a6ce85ce54ddafd/core.a(USBCore.cpp.o)
                0x00000000000036fc                USBDeviceClass::send(unsigned long, void const*, unsigned long)
 .text._ZN14USBDeviceClass7armSendEmPKvm
                0x0000000000003808       0x48 /home/carobers/.cache/arduino/sketches/A587283E1397D80754C7B4396AFAF7FF/../../cores/arduino_samd_nano_33_iot_9a5d7223c21314a81a6ce85ce54ddafd/core.a(USBCore.cpp.o)
                0x0000000000003808                USBDeviceClass::armSend(unsigned long, void const*, unsigned long)
 .text._ZN14USBDeviceClass11sendControlEPKvm
                0x0000000000003850       0x54 /home/carobers/.cache/arduino/sketches/A587283E1397D80754C7B4396AFAF7FF/../../cores/arduino_samd_nano_33_iot_9a5d7223c21314a81a6ce85ce54ddafd/core.a(USBCore.cpp.o)
                0x0000000000003850                USBDeviceClass::sendControl(void const*, unsigned long)
 .text._ZN14USBDeviceClass20sendStringDescriptorEPKhm
                0x00000000000038a4       0x64 /home/carobers/.cache/arduino/sketches/A587283E1397D80754C7B4396AFAF7FF/../../cores/arduino_samd_nano_33_iot_9a5d7223c21314a81a6ce85ce54ddafd/core.a(USBCore.cpp.o)
                0x00000000000038a4                USBDeviceClass::sendStringDescriptor(unsigned char const*, unsigned long)
 .text._ZN14USBDeviceClass17sendConfigurationEm
                0x0000000000003908       0x80 /home/carobers/.cache/arduino/sketches/A587283E1397D80754C7B4396AFAF7FF/../../cores/arduino_samd_nano_33_iot_9a5d7223c21314a81a6ce85ce54ddafd/core.a(USBCore.cpp.o)
                0x0000000000003908                USBDeviceClass::sendConfiguration(unsigned long)
 .text._ZN14USBDeviceClass14sendDescriptorERN7arduino8USBSetupE
                0x0000000000003988       0xd8 /home/carobers/.cache/arduino/sketches/A587283E1397D80754C7B4396AFAF7FF/../../cores/arduino_samd_nano_33_iot_9a5d7223c21314a81a6ce85ce54ddafd/core.a(USBCore.cpp.o)
                0x0000000000003988                USBDeviceClass::sendDescriptor(arduino::USBSetup&)
 .text._ZN14USBDeviceClass7sendZlpEm
                0x0000000000003a60       0x18 /home/carobers/.cache/arduino/sketches/A587283E1397D80754C7B4396AFAF7FF/../../cores/arduino_samd_nano_33_iot_9a5d7223c21314a81a6ce85ce54ddafd/core.a(USBCore.cpp.o)
                0x0000000000003a60                USBDeviceClass::sendZlp(unsigned long)
 .text._ZN14USBDeviceClass19handleStandardSetupERN7arduino8USBSetupE
                0x0000000000003a78       0xf0 /home/carobers/.cache/arduino/sketches/A587283E1397D80754C7B4396AFAF7FF/../../cores/arduino_samd_nano_33_iot_9a5d7223c21314a81a6ce85ce54ddafd/core.a(USBCore.cpp.o)
                0x0000000000003a78                USBDeviceClass::handleStandardSetup(arduino::USBSetup&)
 .text._ZN14USBDeviceClass10ISRHandlerEv
                0x0000000000003b68      0x108 /home/carobers/.cache/arduino/sketches/A587283E1397D80754C7B4396AFAF7FF/../../cores/arduino_samd_nano_33_iot_9a5d7223c21314a81a6ce85ce54ddafd/core.a(USBCore.cpp.o)
                0x0000000000003b68                USBDeviceClass::ISRHandler()
 .text.UDD_Handler
                0x0000000000003c70       0x10 /home/carobers/.cache/arduino/sketches/A587283E1397D80754C7B4396AFAF7FF/../../cores/arduino_samd_nano_33_iot_9a5d7223c21314a81a6ce85ce54ddafd/core.a(USBCore.cpp.o)
                0x0000000000003c70                UDD_Handler
 .text._ZN7arduino13PluggableUSB_C2Ev
                0x0000000000003c80       0x10 /home/carobers/.cache/arduino/sketches/A587283E1397D80754C7B4396AFAF7FF/../../cores/arduino_samd_nano_33_iot_9a5d7223c21314a81a6ce85ce54ddafd/core.a(USBCore.cpp.o)
                0x0000000000003c80                arduino::PluggableUSB_::PluggableUSB_()
                0x0000000000003c80                arduino::PluggableUSB_::PluggableUSB_()
 .text._Z8epBufferj
                0x0000000000003c90        0xc /home/carobers/.cache/arduino/sketches/A587283E1397D80754C7B4396AFAF7FF/../../cores/arduino_samd_nano_33_iot_9a5d7223c21314a81a6ce85ce54ddafd/core.a(USBCore.cpp.o)
                0x0000000000003c90                epBuffer(unsigned int)
 .text._ZN7arduino11RingBufferNILi64EE10store_charEh
                0x0000000000003c9c       0x1c /home/carobers/.cache/arduino/sketches/A587283E1397D80754C7B4396AFAF7FF/../../cores/arduino_samd_nano_33_iot_9a5d7223c21314a81a6ce85ce54ddafd/core.a(USBCore.cpp.o)
                0x0000000000003c9c                arduino::RingBufferN<64>::store_char(unsigned char)
 .text._ZN26DoubleBufferedEPOutHandler5_recvEv
                0x0000000000003cb8      0x15e /home/carobers/.cache/arduino/sketches/A587283E1397D80754C7B4396AFAF7FF/../../cores/arduino_samd_nano_33_iot_9a5d7223c21314a81a6ce85ce54ddafd/core.a(USBCore.cpp.o)
                0x0000000000003cb8                DoubleBufferedEPOutHandler::_recv()
 .text._ZN26DoubleBufferedEPOutHandler9availableEv
                0x0000000000003e16        0xc /home/carobers/.cache/arduino/sketches/A587283E1397D80754C7B4396AFAF7FF/../../cores/arduino_samd_nano_33_iot_9a5d7223c21314a81a6ce85ce54ddafd/core.a(USBCore.cpp.o)
                0x0000000000003e16                DoubleBufferedEPOutHandler::available()
 .text._ZN26DoubleBufferedEPOutHandler4peekEv
                0x0000000000003e22       0x1c /home/carobers/.cache/arduino/sketches/A587283E1397D80754C7B4396AFAF7FF/../../cores/arduino_samd_nano_33_iot_9a5d7223c21314a81a6ce85ce54ddafd/core.a(USBCore.cpp.o)
                0x0000000000003e22                DoubleBufferedEPOutHandler::peek()
 .text._ZN26DoubleBufferedEPOutHandler4recvEPvm
                0x0000000000003e3e       0x60 /home/carobers/.cache/arduino/sketches/A587283E1397D80754C7B4396AFAF7FF/../../cores/arduino_samd_nano_33_iot_9a5d7223c21314a81a6ce85ce54ddafd/core.a(USBCore.cpp.o)
                0x0000000000003e3e                DoubleBufferedEPOutHandler::recv(void*, unsigned long)
 *fill*         0x0000000000003e9e        0x2 
 .text.startup._GLOBAL__sub_I_usbd
                0x0000000000003ea0       0x10 /home/carobers/.cache/arduino/sketches/A587283E1397D80754C7B4396AFAF7FF/../../cores/arduino_samd_nano_33_iot_9a5d7223c21314a81a6ce85ce54ddafd/core.a(USBCore.cpp.o)
 .text._ZN14USBDeviceClass4initEv
                0x0000000000003eb0      0x15c /home/carobers/.cache/arduino/sketches/A587283E1397D80754C7B4396AFAF7FF/../../cores/arduino_samd_nano_33_iot_9a5d7223c21314a81a6ce85ce54ddafd/core.a(USBCore.cpp.o)
                0x0000000000003eb0                USBDeviceClass::init()
 .text._ZN4UartcvbEv
                0x000000000000400c        0x4 /home/carobers/.cache/arduino/sketches/A587283E1397D80754C7B4396AFAF7FF/../../cores/arduino_samd_nano_33_iot_9a5d7223c21314a81a6ce85ce54ddafd/core.a(Uart.cpp.o)
                0x000000000000400c                Uart::operator bool()
 .text._ZN4Uart5beginEm
                0x0000000000004010       0x10 /home/carobers/.cache/arduino/sketches/A587283E1397D80754C7B4396AFAF7FF/../../cores/arduino_samd_nano_33_iot_9a5d7223c21314a81a6ce85ce54ddafd/core.a(Uart.cpp.o)
                0x0000000000004010                Uart::begin(unsigned long)
 .text._ZN4Uart9availableEv
                0x0000000000004020        0x6 /home/carobers/.cache/arduino/sketches/A587283E1397D80754C7B4396AFAF7FF/../../cores/arduino_samd_nano_33_iot_9a5d7223c21314a81a6ce85ce54ddafd/core.a(Uart.cpp.o)
                0x0000000000004020                Uart::available()
 .text._ZN4Uart17availableForWriteEv
                0x0000000000004026       0x10 /home/carobers/.cache/arduino/sketches/A587283E1397D80754C7B4396AFAF7FF/../../cores/arduino_samd_nano_33_iot_9a5d7223c21314a81a6ce85ce54ddafd/core.a(Uart.cpp.o)
                0x0000000000004026                Uart::availableForWrite()
 .text._ZN4Uart4peekEv
                0x0000000000004036       0x18 /home/carobers/.cache/arduino/sketches/A587283E1397D80754C7B4396AFAF7FF/../../cores/arduino_samd_nano_33_iot_9a5d7223c21314a81a6ce85ce54ddafd/core.a(Uart.cpp.o)
                0x0000000000004036                Uart::peek()
 .text._ZN4Uart3endEv
                0x000000000000404e       0x24 /home/carobers/.cache/arduino/sketches/A587283E1397D80754C7B4396AFAF7FF/../../cores/arduino_samd_nano_33_iot_9a5d7223c21314a81a6ce85ce54ddafd/core.a(Uart.cpp.o)
                0x000000000000404e                Uart::end()
 .text._ZN4Uart5flushEv
                0x0000000000004072       0x16 /home/carobers/.cache/arduino/sketches/A587283E1397D80754C7B4396AFAF7FF/../../cores/arduino_samd_nano_33_iot_9a5d7223c21314a81a6ce85ce54ddafd/core.a(Uart.cpp.o)
                0x0000000000004072                Uart::flush()
 .text._ZN4Uart16extractNbStopBitEt
                0x0000000000004088        0xc /home/carobers/.cache/arduino/sketches/A587283E1397D80754C7B4396AFAF7FF/../../cores/arduino_samd_nano_33_iot_9a5d7223c21314a81a6ce85ce54ddafd/core.a(Uart.cpp.o)
                0x0000000000004088                Uart::extractNbStopBit(unsigned short)
 .text._ZN4Uart15extractCharSizeEt
                0x0000000000004094       0x28 /home/carobers/.cache/arduino/sketches/A587283E1397D80754C7B4396AFAF7FF/../../cores/arduino_samd_nano_33_iot_9a5d7223c21314a81a6ce85ce54ddafd/core.a(Uart.cpp.o)
                0x0000000000004094                Uart::extractCharSize(unsigned short)
 .text._ZN4Uart13extractParityEt
                0x00000000000040bc       0x14 /home/carobers/.cache/arduino/sketches/A587283E1397D80754C7B4396AFAF7FF/../../cores/arduino_samd_nano_33_iot_9a5d7223c21314a81a6ce85ce54ddafd/core.a(Uart.cpp.o)
                0x00000000000040bc                Uart::extractParity(unsigned short)
 .text._ZN4Uart5beginEmt
                0x00000000000040d0       0xf8 /home/carobers/.cache/arduino/sketches/A587283E1397D80754C7B4396AFAF7FF/../../cores/arduino_samd_nano_33_iot_9a5d7223c21314a81a6ce85ce54ddafd/core.a(Uart.cpp.o)
                0x00000000000040d0                Uart::begin(unsigned long, unsigned short)
 .text._ZN7arduino11RingBufferNILi256EEC2Ev
                0x00000000000041c8       0x1e /home/carobers/.cache/arduino/sketches/A587283E1397D80754C7B4396AFAF7FF/../../cores/arduino_samd_nano_33_iot_9a5d7223c21314a81a6ce85ce54ddafd/core.a(Uart.cpp.o)
                0x00000000000041c8                arduino::RingBufferN<256>::RingBufferN()
                0x00000000000041c8                arduino::RingBufferN<256>::RingBufferN()
 *fill*         0x00000000000041e6        0x2 
 .text._ZN4UartC2EP6SERCOMhh11SercomRXPad15SercomUartTXPadhh
                0x00000000000041e8       0x88 /home/carobers/.cache/arduino/sketches/A587283E1397D80754C7B4396AFAF7FF/../../cores/arduino_samd_nano_33_iot_9a5d7223c21314a81a6ce85ce54ddafd/core.a(Uart.cpp.o)
                0x00000000000041e8                Uart::Uart(SERCOM*, unsigned char, unsigned char, SercomRXPad, SercomUartTXPad, unsigned char, unsigned char)
                0x00000000000041e8                Uart::Uart(SERCOM*, unsigned char, unsigned char, SercomRXPad, SercomUartTXPad, unsigned char, unsigned char)
 .text._ZN4UartC2EP6SERCOMhh11SercomRXPad15SercomUartTXPad
                0x0000000000004270       0x74 /home/carobers/.cache/arduino/sketches/A587283E1397D80754C7B4396AFAF7FF/../../cores/arduino_samd_nano_33_iot_9a5d7223c21314a81a6ce85ce54ddafd/core.a(Uart.cpp.o)
                0x0000000000004270                Uart::Uart(SERCOM*, unsigned char, unsigned char, SercomRXPad, SercomUartTXPad)
                0x0000000000004270                Uart::Uart(SERCOM*, unsigned char, unsigned char, SercomRXPad, SercomUartTXPad)
 .text._ZN7arduino15SafeRingBufferNILi256EE10store_charEh
                0x00000000000042e4       0x4a /home/carobers/.cache/arduino/sketches/A587283E1397D80754C7B4396AFAF7FF/../../cores/arduino_samd_nano_33_iot_9a5d7223c21314a81a6ce85ce54ddafd/core.a(Uart.cpp.o)
                0x00000000000042e4                arduino::SafeRingBufferN<256>::store_char(unsigned char)
 .text._ZN7arduino15SafeRingBufferNILi256EE9read_charEv
                0x000000000000432e       0x50 /home/carobers/.cache/arduino/sketches/A587283E1397D80754C7B4396AFAF7FF/../../cores/arduino_samd_nano_33_iot_9a5d7223c21314a81a6ce85ce54ddafd/core.a(Uart.cpp.o)
                0x000000000000432e                arduino::SafeRingBufferN<256>::read_char()
 .text._ZN4Uart10IrqHandlerEv
                0x000000000000437e       0xa4 /home/carobers/.cache/arduino/sketches/A587283E1397D80754C7B4396AFAF7FF/../../cores/arduino_samd_nano_33_iot_9a5d7223c21314a81a6ce85ce54ddafd/core.a(Uart.cpp.o)
                0x000000000000437e                Uart::IrqHandler()
 *fill*         0x0000000000004422        0x2 
 .text._ZN4Uart5writeEh
                0x0000000000004424       0x9c /home/carobers/.cache/arduino/sketches/A587283E1397D80754C7B4396AFAF7FF/../../cores/arduino_samd_nano_33_iot_9a5d7223c21314a81a6ce85ce54ddafd/core.a(Uart.cpp.o)
                0x0000000000004424                Uart::write(unsigned char)
 .text._ZN4Uart4readEv
                0x00000000000044c0       0x34 /home/carobers/.cache/arduino/sketches/A587283E1397D80754C7B4396AFAF7FF/../../cores/arduino_samd_nano_33_iot_9a5d7223c21314a81a6ce85ce54ddafd/core.a(Uart.cpp.o)
                0x00000000000044c0                Uart::read()
 .text._ZN7arduino13PluggableUSB_12getInterfaceEPh
                0x00000000000044f4       0x28 /home/carobers/.cache/arduino/sketches/A587283E1397D80754C7B4396AFAF7FF/../../cores/arduino_samd_nano_33_iot_9a5d7223c21314a81a6ce85ce54ddafd/core.a(PluggableUSB.cpp.o)
                0x00000000000044f4                arduino::PluggableUSB_::getInterface(unsigned char*)
 .text._ZN7arduino13PluggableUSB_13getDescriptorERNS_8USBSetupE
                0x000000000000451c       0x20 /home/carobers/.cache/arduino/sketches/A587283E1397D80754C7B4396AFAF7FF/../../cores/arduino_samd_nano_33_iot_9a5d7223c21314a81a6ce85ce54ddafd/core.a(PluggableUSB.cpp.o)
                0x000000000000451c                arduino::PluggableUSB_::getDescriptor(arduino::USBSetup&)
 .text._ZN7arduino13PluggableUSB_12getShortNameEPc
                0x000000000000453c       0x1e /home/carobers/.cache/arduino/sketches/A587283E1397D80754C7B4396AFAF7FF/../../cores/arduino_samd_nano_33_iot_9a5d7223c21314a81a6ce85ce54ddafd/core.a(PluggableUSB.cpp.o)
                0x000000000000453c                arduino::PluggableUSB_::getShortName(char*)
 .text._ZN7arduino13PluggableUSB_5setupERNS_8USBSetupE
                0x000000000000455a       0x20 /home/carobers/.cache/arduino/sketches/A587283E1397D80754C7B4396AFAF7FF/../../cores/arduino_samd_nano_33_iot_9a5d7223c21314a81a6ce85ce54ddafd/core.a(PluggableUSB.cpp.o)
                0x000000000000455a                arduino::PluggableUSB_::setup(arduino::USBSetup&)
 .text._ZN7arduino13PluggableUSB_4plugEPNS_18PluggableUSBModuleE
                0x000000000000457a       0x5c /home/carobers/.cache/arduino/sketches/A587283E1397D80754C7B4396AFAF7FF/../../cores/arduino_samd_nano_33_iot_9a5d7223c21314a81a6ce85ce54ddafd/core.a(PluggableUSB.cpp.o)
                0x000000000000457a                arduino::PluggableUSB_::plug(arduino::PluggableUSBModule*)
 *fill*         0x00000000000045d6        0x2 
 .text._Z12PluggableUSBv
                0x00000000000045d8       0x24 /home/carobers/.cache/arduino/sketches/A587283E1397D80754C7B4396AFAF7FF/../../cores/arduino_samd_nano_33_iot_9a5d7223c21314a81a6ce85ce54ddafd/core.a(PluggableUSB.cpp.o)
                0x00000000000045d8                PluggableUSB()
 .text._ZN7arduino5Print5writeEPKhj
                0x00000000000045fc       0x28 /home/carobers/.cache/arduino/sketches/A587283E1397D80754C7B4396AFAF7FF/../../cores/arduino_samd_nano_33_iot_9a5d7223c21314a81a6ce85ce54ddafd/core.a(Print.cpp.o)
                0x00000000000045fc                arduino::Print::write(unsigned char const*, unsigned int)
 .text._ZN7arduino5Print5writeEPKc.part.2
                0x0000000000004624       0x1a /home/carobers/.cache/arduino/sketches/A587283E1397D80754C7B4396AFAF7FF/../../cores/arduino_samd_nano_33_iot_9a5d7223c21314a81a6ce85ce54ddafd/core.a(Print.cpp.o)
 .text._ZN7arduino5Print5writeEPKc
                0x000000000000463e       0x10 /home/carobers/.cache/arduino/sketches/A587283E1397D80754C7B4396AFAF7FF/../../cores/arduino_samd_nano_33_iot_9a5d7223c21314a81a6ce85ce54ddafd/core.a(Print.cpp.o)
                0x000000000000463e                arduino::Print::write(char const*)
 .text._ZN7arduino5Print5printEc
                0x000000000000464e        0xa /home/carobers/.cache/arduino/sketches/A587283E1397D80754C7B4396AFAF7FF/../../cores/arduino_samd_nano_33_iot_9a5d7223c21314a81a6ce85ce54ddafd/core.a(Print.cpp.o)
                0x000000000000464e                arduino::Print::print(char)
 .text._ZN7arduino5Print7printlnEv
                0x0000000000004658       0x10 /home/carobers/.cache/arduino/sketches/A587283E1397D80754C7B4396AFAF7FF/../../cores/arduino_samd_nano_33_iot_9a5d7223c21314a81a6ce85ce54ddafd/core.a(Print.cpp.o)
                0x0000000000004658                arduino::Print::println()
 .text._ZN7arduino5Print7printlnEPKc
                0x0000000000004668       0x14 /home/carobers/.cache/arduino/sketches/A587283E1397D80754C7B4396AFAF7FF/../../cores/arduino_samd_nano_33_iot_9a5d7223c21314a81a6ce85ce54ddafd/core.a(Print.cpp.o)
                0x0000000000004668                arduino::Print::println(char const*)
 .text._ZN7arduino5Print11printNumberEmh
                0x000000000000467c       0x48 /home/carobers/.cache/arduino/sketches/A587283E1397D80754C7B4396AFAF7FF/../../cores/arduino_samd_nano_33_iot_9a5d7223c21314a81a6ce85ce54ddafd/core.a(Print.cpp.o)
                0x000000000000467c                arduino::Print::printNumber(unsigned long, unsigned char)
 .text._ZN7arduino5Print5printEli
                0x00000000000046c4       0x3e /home/carobers/.cache/arduino/sketches/A587283E1397D80754C7B4396AFAF7FF/../../cores/arduino_samd_nano_33_iot_9a5d7223c21314a81a6ce85ce54ddafd/core.a(Print.cpp.o)
                0x00000000000046c4                arduino::Print::print(long, int)
 .text._ZN7arduino5Print7printlnEii
                0x0000000000004702       0x14 /home/carobers/.cache/arduino/sketches/A587283E1397D80754C7B4396AFAF7FF/../../cores/arduino_samd_nano_33_iot_9a5d7223c21314a81a6ce85ce54ddafd/core.a(Print.cpp.o)
                0x0000000000004702                arduino::Print::println(int, int)
 .text._ZN7arduino6Stream9timedReadEv
                0x0000000000004716       0x2a /home/carobers/.cache/arduino/sketches/A587283E1397D80754C7B4396AFAF7FF/../../cores/arduino_samd_nano_33_iot_9a5d7223c21314a81a6ce85ce54ddafd/core.a(Stream.cpp.o)
                0x0000000000004716                arduino::Stream::timedRead()
 .text._ZN7arduino6Stream15readStringUntilEc
                0x0000000000004740       0x30 /home/carobers/.cache/arduino/sketches/A587283E1397D80754C7B4396AFAF7FF/../../cores/arduino_samd_nano_33_iot_9a5d7223c21314a81a6ce85ce54ddafd/core.a(Stream.cpp.o)
                0x0000000000004740                arduino::Stream::readStringUntil(char)
 .text._ZN7arduino6StringD2Ev
                0x0000000000004770       0x12 /home/carobers/.cache/arduino/sketches/A587283E1397D80754C7B4396AFAF7FF/../../cores/arduino_samd_nano_33_iot_9a5d7223c21314a81a6ce85ce54ddafd/core.a(String.cpp.o)
                0x0000000000004770                arduino::String::~String()
                0x0000000000004770                arduino::String::~String()
 .text._ZN7arduino6String10invalidateEv
                0x0000000000004782       0x18 /home/carobers/.cache/arduino/sketches/A587283E1397D80754C7B4396AFAF7FF/../../cores/arduino_samd_nano_33_iot_9a5d7223c21314a81a6ce85ce54ddafd/core.a(String.cpp.o)
                0x0000000000004782                arduino::String::invalidate()
 .text._ZN7arduino6String12changeBufferEj
                0x000000000000479a       0x18 /home/carobers/.cache/arduino/sketches/A587283E1397D80754C7B4396AFAF7FF/../../cores/arduino_samd_nano_33_iot_9a5d7223c21314a81a6ce85ce54ddafd/core.a(String.cpp.o)
                0x000000000000479a                arduino::String::changeBuffer(unsigned int)
 .text._ZN7arduino6String7reserveEj
                0x00000000000047b2       0x2a /home/carobers/.cache/arduino/sketches/A587283E1397D80754C7B4396AFAF7FF/../../cores/arduino_samd_nano_33_iot_9a5d7223c21314a81a6ce85ce54ddafd/core.a(String.cpp.o)
                0x00000000000047b2                arduino::String::reserve(unsigned int)
 .text._ZN7arduino6String4copyEPKcj
                0x00000000000047dc       0x32 /home/carobers/.cache/arduino/sketches/A587283E1397D80754C7B4396AFAF7FF/../../cores/arduino_samd_nano_33_iot_9a5d7223c21314a81a6ce85ce54ddafd/core.a(String.cpp.o)
                0x00000000000047dc                arduino::String::copy(char const*, unsigned int)
 .text._ZN7arduino6StringC2EPKc
                0x000000000000480e       0x26 /home/carobers/.cache/arduino/sketches/A587283E1397D80754C7B4396AFAF7FF/../../cores/arduino_samd_nano_33_iot_9a5d7223c21314a81a6ce85ce54ddafd/core.a(String.cpp.o)
                0x000000000000480e                arduino::String::String(char const*)
                0x000000000000480e                arduino::String::String(char const*)
 .text._ZN7arduino6String6concatEPKcj
                0x0000000000004834       0x3e /home/carobers/.cache/arduino/sketches/A587283E1397D80754C7B4396AFAF7FF/../../cores/arduino_samd_nano_33_iot_9a5d7223c21314a81a6ce85ce54ddafd/core.a(String.cpp.o)
                0x0000000000004834                arduino::String::concat(char const*, unsigned int)
 .text._ZN7arduino6String6concatEc
                0x0000000000004872       0x12 /home/carobers/.cache/arduino/sketches/A587283E1397D80754C7B4396AFAF7FF/../../cores/arduino_samd_nano_33_iot_9a5d7223c21314a81a6ce85ce54ddafd/core.a(String.cpp.o)
                0x0000000000004872                arduino::String::concat(char)
 .text._ZNK7arduino6String6equalsEPKc
                0x0000000000004884       0x28 /home/carobers/.cache/arduino/sketches/A587283E1397D80754C7B4396AFAF7FF/../../cores/arduino_samd_nano_33_iot_9a5d7223c21314a81a6ce85ce54ddafd/core.a(String.cpp.o)
                0x0000000000004884                arduino::String::equals(char const*) const
 .text.Dummy_Handler
                0x00000000000048ac        0x2 /home/carobers/.cache/arduino/sketches/A587283E1397D80754C7B4396AFAF7FF/../../cores/arduino_samd_nano_33_iot_9a5d7223c21314a81a6ce85ce54ddafd/core.a(cortex_handlers.c.o)
                0x00000000000048ac                DMAC_Handler
                0x00000000000048ac                HardFault_Handler
                0x00000000000048ac                AC_Handler
                0x00000000000048ac                PendSV_Handler
                0x00000000000048ac                NMI_Handler
                0x00000000000048ac                TC7_Handler
                0x00000000000048ac                SERCOM1_Handler
                0x00000000000048ac                ADC_Handler
                0x00000000000048ac                TCC1_Handler
                0x00000000000048ac                TCC0_Handler
                0x00000000000048ac                RTC_Handler
                0x00000000000048ac                EIC_Handler
                0x00000000000048ac                TC6_Handler
                0x00000000000048ac                WDT_Handler
                0x00000000000048ac                TC4_Handler
                0x00000000000048ac                TC3_Handler
                0x00000000000048ac                Dummy_Handler
                0x00000000000048ac                PM_Handler
                0x00000000000048ac                SVC_Handler
                0x00000000000048ac                TCC2_Handler
                0x00000000000048ac                EVSYS_Handler
                0x00000000000048ac                I2S_Handler
                0x00000000000048ac                NVMCTRL_Handler
                0x00000000000048ac                SERCOM0_Handler
                0x00000000000048ac                DAC_Handler
                0x00000000000048ac                PTC_Handler
                0x00000000000048ac                SYSCTRL_Handler
 *fill*         0x00000000000048ae        0x2 
 .text.USB_Handler
                0x00000000000048b0       0x14 /home/carobers/.cache/arduino/sketches/A587283E1397D80754C7B4396AFAF7FF/../../cores/arduino_samd_nano_33_iot_9a5d7223c21314a81a6ce85ce54ddafd/core.a(cortex_handlers.c.o)
                0x00000000000048b0                USB_Handler
 .text.Reset_Handler
                0x00000000000048c4       0x54 /home/carobers/.cache/arduino/sketches/A587283E1397D80754C7B4396AFAF7FF/../../cores/arduino_samd_nano_33_iot_9a5d7223c21314a81a6ce85ce54ddafd/core.a(cortex_handlers.c.o)
                0x00000000000048c4                Reset_Handler
 .text.SysTick_Handler
                0x0000000000004918       0x10 /home/carobers/.cache/arduino/sketches/A587283E1397D80754C7B4396AFAF7FF/../../cores/arduino_samd_nano_33_iot_9a5d7223c21314a81a6ce85ce54ddafd/core.a(cortex_handlers.c.o)
                0x0000000000004918                SysTick_Handler
 .text.USB_SetHandler
                0x0000000000004928        0xc /home/carobers/.cache/arduino/sketches/A587283E1397D80754C7B4396AFAF7FF/../../cores/arduino_samd_nano_33_iot_9a5d7223c21314a81a6ce85ce54ddafd/core.a(cortex_handlers.c.o)
                0x0000000000004928                USB_SetHandler
 .text.millis   0x0000000000004934        0xc /home/carobers/.cache/arduino/sketches/A587283E1397D80754C7B4396AFAF7FF/../../cores/arduino_samd_nano_33_iot_9a5d7223c21314a81a6ce85ce54ddafd/core.a(delay.c.o)
                0x0000000000004934                millis
 .text.micros   0x0000000000004940       0x60 /home/carobers/.cache/arduino/sketches/A587283E1397D80754C7B4396AFAF7FF/../../cores/arduino_samd_nano_33_iot_9a5d7223c21314a81a6ce85ce54ddafd/core.a(delay.c.o)
                0x0000000000004940                micros
 .text.delay    0x00000000000049a0       0x30 /home/carobers/.cache/arduino/sketches/A587283E1397D80754C7B4396AFAF7FF/../../cores/arduino_samd_nano_33_iot_9a5d7223c21314a81a6ce85ce54ddafd/core.a(delay.c.o)
                0x00000000000049a0                delay
 .text.SysTick_DefaultHandler
                0x00000000000049d0       0x14 /home/carobers/.cache/arduino/sketches/A587283E1397D80754C7B4396AFAF7FF/../../cores/arduino_samd_nano_33_iot_9a5d7223c21314a81a6ce85ce54ddafd/core.a(delay.c.o)
                0x00000000000049d0                SysTick_DefaultHandler
 .text.__empty  0x00000000000049e4        0x2 /home/carobers/.cache/arduino/sketches/A587283E1397D80754C7B4396AFAF7FF/../../cores/arduino_samd_nano_33_iot_9a5d7223c21314a81a6ce85ce54ddafd/core.a(hooks.c.o)
                0x00000000000049e4                yield
 .text.__false  0x00000000000049e6        0x4 /home/carobers/.cache/arduino/sketches/A587283E1397D80754C7B4396AFAF7FF/../../cores/arduino_samd_nano_33_iot_9a5d7223c21314a81a6ce85ce54ddafd/core.a(hooks.c.o)
                0x00000000000049e6                sysTickHook
 *fill*         0x00000000000049ea        0x2 
 .text.startup.main
                0x00000000000049ec       0x40 /home/carobers/.cache/arduino/sketches/A587283E1397D80754C7B4396AFAF7FF/../../cores/arduino_samd_nano_33_iot_9a5d7223c21314a81a6ce85ce54ddafd/core.a(main.cpp.o)
                0x00000000000049ec                main
 .text._Znwj    0x0000000000004a2c        0x8 /home/carobers/.cache/arduino/sketches/A587283E1397D80754C7B4396AFAF7FF/../../cores/arduino_samd_nano_33_iot_9a5d7223c21314a81a6ce85ce54ddafd/core.a(new.cpp.o)
                0x0000000000004a2c                operator new(unsigned int)
 .text._ZdlPv   0x0000000000004a34        0x8 /home/carobers/.cache/arduino/sketches/A587283E1397D80754C7B4396AFAF7FF/../../cores/arduino_samd_nano_33_iot_9a5d7223c21314a81a6ce85ce54ddafd/core.a(new.cpp.o)
                0x0000000000004a34                operator delete(void*)
 .text.SystemInit
                0x0000000000004a3c      0x194 /home/carobers/.cache/arduino/sketches/A587283E1397D80754C7B4396AFAF7FF/../../cores/arduino_samd_nano_33_iot_9a5d7223c21314a81a6ce85ce54ddafd/core.a(startup.c.o)
                0x0000000000004a3c                SystemInit
 .text.init     0x0000000000004bd0       0xf0 /home/carobers/.cache/arduino/sketches/A587283E1397D80754C7B4396AFAF7FF/../../cores/arduino_samd_nano_33_iot_9a5d7223c21314a81a6ce85ce54ddafd/core.a(wiring.c.o)
                0x0000000000004bd0                init
 .text.analogReference
                0x0000000000004cc0       0x64 /home/carobers/.cache/arduino/sketches/A587283E1397D80754C7B4396AFAF7FF/../../cores/arduino_samd_nano_33_iot_9a5d7223c21314a81a6ce85ce54ddafd/core.a(wiring_analog.c.o)
                0x0000000000004cc0                analogReference
 .text.pinMode  0x0000000000004d24       0x98 /home/carobers/.cache/arduino/sketches/A587283E1397D80754C7B4396AFAF7FF/../../cores/arduino_samd_nano_33_iot_9a5d7223c21314a81a6ce85ce54ddafd/core.a(wiring_digital.c.o)
                0x0000000000004d24                pinMode
 .text.digitalWrite
                0x0000000000004dbc       0x58 /home/carobers/.cache/arduino/sketches/A587283E1397D80754C7B4396AFAF7FF/../../cores/arduino_samd_nano_33_iot_9a5d7223c21314a81a6ce85ce54ddafd/core.a(wiring_digital.c.o)
                0x0000000000004dbc                digitalWrite
 .text.pinPeripheral
                0x0000000000004e14       0xc0 /home/carobers/.cache/arduino/sketches/A587283E1397D80754C7B4396AFAF7FF/../../cores/arduino_samd_nano_33_iot_9a5d7223c21314a81a6ce85ce54ddafd/core.a(wiring_private.c.o)
                0x0000000000004e14                pinPeripheral
 .text.initiateReset
                0x0000000000004ed4       0x14 /home/carobers/.cache/arduino/sketches/A587283E1397D80754C7B4396AFAF7FF/../../cores/arduino_samd_nano_33_iot_9a5d7223c21314a81a6ce85ce54ddafd/core.a(Reset.cpp.o)
                0x0000000000004ed4                initiateReset
 .text.cancelReset
                0x0000000000004ee8       0x10 /home/carobers/.cache/arduino/sketches/A587283E1397D80754C7B4396AFAF7FF/../../cores/arduino_samd_nano_33_iot_9a5d7223c21314a81a6ce85ce54ddafd/core.a(Reset.cpp.o)
                0x0000000000004ee8                cancelReset
 .text.tickReset
                0x0000000000004ef8       0x78 /home/carobers/.cache/arduino/sketches/A587283E1397D80754C7B4396AFAF7FF/../../cores/arduino_samd_nano_33_iot_9a5d7223c21314a81a6ce85ce54ddafd/core.a(Reset.cpp.o)
                0x0000000000004ef8                tickReset
 .text          0x0000000000004f70       0x14 /home/carobers/.arduino15/packages/arduino/tools/arm-none-eabi-gcc/7-2017q4/bin/../lib/gcc/arm-none-eabi/7.2.1/thumb/v6-m/libgcc.a(_thumb1_case_uqi.o)
                0x0000000000004f70                __gnu_thumb1_case_uqi
 .text          0x0000000000004f84      0x114 /home/carobers/.arduino15/packages/arduino/tools/arm-none-eabi-gcc/7-2017q4/bin/../lib/gcc/arm-none-eabi/7.2.1/thumb/v6-m/libgcc.a(_udivsi3.o)
                0x0000000000004f84                __udivsi3
                0x0000000000004f84                __aeabi_uidiv
                0x0000000000005090                __aeabi_uidivmod
 .text          0x0000000000005098        0x4 /home/carobers/.arduino15/packages/arduino/tools/arm-none-eabi-gcc/7-2017q4/bin/../lib/gcc/arm-none-eabi/7.2.1/thumb/v6-m/libgcc.a(_dvmd_tls.o)
                0x0000000000005098                __aeabi_ldiv0
                0x0000000000005098                __aeabi_idiv0
 .text.__libc_init_array
                0x000000000000509c       0x48 /home/carobers/.arduino15/packages/arduino/tools/arm-none-eabi-gcc/7-2017q4/bin/../lib/gcc/arm-none-eabi/7.2.1/../../../../arm-none-eabi/lib/thumb/v6-m/libc_nano.a(lib_a-init.o)
                0x000000000000509c                __libc_init_array
 .text.malloc   0x00000000000050e4       0x14 /home/carobers/.arduino15/packages/arduino/tools/arm-none-eabi-gcc/7-2017q4/bin/../lib/gcc/arm-none-eabi/7.2.1/../../../../arm-none-eabi/lib/thumb/v6-m/libc_nano.a(lib_a-malloc.o)
                0x00000000000050e4                malloc
 .text.free     0x00000000000050f8       0x14 /home/carobers/.arduino15/packages/arduino/tools/arm-none-eabi-gcc/7-2017q4/bin/../lib/gcc/arm-none-eabi/7.2.1/../../../../arm-none-eabi/lib/thumb/v6-m/libc_nano.a(lib_a-malloc.o)
                0x00000000000050f8                free
 .text.memcpy   0x000000000000510c       0x12 /home/carobers/.arduino15/packages/arduino/tools/arm-none-eabi-gcc/7-2017q4/bin/../lib/gcc/arm-none-eabi/7.2.1/../../../../arm-none-eabi/lib/thumb/v6-m/libc_nano.a(lib_a-memcpy-stub.o)
                0x000000000000510c                memcpy
 .text.memset   0x000000000000511e       0x10 /home/carobers/.arduino15/packages/arduino/tools/arm-none-eabi-gcc/7-2017q4/bin/../lib/gcc/arm-none-eabi/7.2.1/../../../../arm-none-eabi/lib/thumb/v6-m/libc_nano.a(lib_a-memset.o)
                0x000000000000511e                memset
 *fill*         0x000000000000512e        0x2 
 .text._free_r  0x0000000000005130       0x94 /home/carobers/.arduino15/packages/arduino/tools/arm-none-eabi-gcc/7-2017q4/bin/../lib/gcc/arm-none-eabi/7.2.1/../../../../arm-none-eabi/lib/thumb/v6-m/libc_nano.a(lib_a-nano-freer.o)
                0x0000000000005130                _free_r
 .text._malloc_r
                0x00000000000051c4       0xbc /home/carobers/.arduino15/packages/arduino/tools/arm-none-eabi-gcc/7-2017q4/bin/../lib/gcc/arm-none-eabi/7.2.1/../../../../arm-none-eabi/lib/thumb/v6-m/libc_nano.a(lib_a-nano-mallocr.o)
                0x00000000000051c4                _malloc_r
 .text.realloc  0x0000000000005280       0x14 /home/carobers/.arduino15/packages/arduino/tools/arm-none-eabi-gcc/7-2017q4/bin/../lib/gcc/arm-none-eabi/7.2.1/../../../../arm-none-eabi/lib/thumb/v6-m/libc_nano.a(lib_a-realloc.o)
                0x0000000000005280                realloc
 .text._sbrk_r  0x0000000000005294       0x24 /home/carobers/.arduino15/packages/arduino/tools/arm-none-eabi-gcc/7-2017q4/bin/../lib/gcc/arm-none-eabi/7.2.1/../../../../arm-none-eabi/lib/thumb/v6-m/libc_nano.a(lib_a-sbrkr.o)
                0x0000000000005294                _sbrk_r
 .text          0x00000000000052b8       0x14 /home/carobers/.arduino15/packages/arduino/tools/arm-none-eabi-gcc/7-2017q4/bin/../lib/gcc/arm-none-eabi/7.2.1/../../../../arm-none-eabi/lib/thumb/v6-m/libc_nano.a(lib_a-strcmp.o)
                0x00000000000052b8                strcmp
 .text          0x00000000000052cc        0xe /home/carobers/.arduino15/packages/arduino/tools/arm-none-eabi-gcc/7-2017q4/bin/../lib/gcc/arm-none-eabi/7.2.1/../../../../arm-none-eabi/lib/thumb/v6-m/libc_nano.a(lib_a-strlen.o)
                0x00000000000052cc                strlen
 .text.__malloc_lock
                0x00000000000052da        0x2 /home/carobers/.arduino15/packages/arduino/tools/arm-none-eabi-gcc/7-2017q4/bin/../lib/gcc/arm-none-eabi/7.2.1/../../../../arm-none-eabi/lib/thumb/v6-m/libc_nano.a(lib_a-mlock.o)
                0x00000000000052da                __malloc_lock
 .text.__malloc_unlock
                0x00000000000052dc        0x2 /home/carobers/.arduino15/packages/arduino/tools/arm-none-eabi-gcc/7-2017q4/bin/../lib/gcc/arm-none-eabi/7.2.1/../../../../arm-none-eabi/lib/thumb/v6-m/libc_nano.a(lib_a-mlock.o)
                0x00000000000052dc                __malloc_unlock
 .text._realloc_r
                0x00000000000052de       0x4c /home/carobers/.arduino15/packages/arduino/tools/arm-none-eabi-gcc/7-2017q4/bin/../lib/gcc/arm-none-eabi/7.2.1/../../../../arm-none-eabi/lib/thumb/v6-m/libc_nano.a(lib_a-nano-reallocr.o)
                0x00000000000052de                _realloc_r
 .text._malloc_usable_size_r
                0x000000000000532a       0x10 /home/carobers/.arduino15/packages/arduino/tools/arm-none-eabi-gcc/7-2017q4/bin/../lib/gcc/arm-none-eabi/7.2.1/../../../../arm-none-eabi/lib/thumb/v6-m/libc_nano.a(lib_a-nano-msizer.o)
                0x000000000000532a                _malloc_usable_size_r
 *fill*         0x000000000000533a        0x2 
 .text._sbrk    0x000000000000533c       0x1c /home/carobers/.arduino15/packages/arduino/tools/arm-none-eabi-gcc/7-2017q4/bin/../lib/gcc/arm-none-eabi/7.2.1/../../../../arm-none-eabi/lib/thumb/v6-m/libnosys.a(sbrk.o)
                0x000000000000533c                _sbrk
 *(.init)
 .init          0x0000000000005358        0x4 /home/carobers/.arduino15/packages/arduino/tools/arm-none-eabi-gcc/7-2017q4/bin/../lib/gcc/arm-none-eabi/7.2.1/thumb/v6-m/crti.o
                0x0000000000005358                _init
 .init          0x000000000000535c        0x8 /home/carobers/.arduino15/packages/arduino/tools/arm-none-eabi-gcc/7-2017q4/bin/../lib/gcc/arm-none-eabi/7.2.1/thumb/v6-m/crtn.o
 *(.fini)
 .fini          0x0000000000005364        0x4 /home/carobers/.arduino15/packages/arduino/tools/arm-none-eabi-gcc/7-2017q4/bin/../lib/gcc/arm-none-eabi/7.2.1/thumb/v6-m/crti.o
                0x0000000000005364                _fini
 .fini          0x0000000000005368        0x8 /home/carobers/.arduino15/packages/arduino/tools/arm-none-eabi-gcc/7-2017q4/bin/../lib/gcc/arm-none-eabi/7.2.1/thumb/v6-m/crtn.o
 *crtbegin.o(.ctors)
 *crtbegin?.o(.ctors)
 *(EXCLUDE_FILE(*crtend.o *crtend?.o) .ctors)
 *(SORT_BY_NAME(.ctors.*))
 *(.ctors)
 *crtbegin.o(.dtors)
 *crtbegin?.o(.dtors)
 *(EXCLUDE_FILE(*crtend.o *crtend?.o) .dtors)
 *(SORT_BY_NAME(.dtors.*))
 *(.dtors)
 *(.rodata*)
 .rodata.loop.str1.1
                0x0000000000005370       0xc4 /home/carobers/.cache/arduino/sketches/A587283E1397D80754C7B4396AFAF7FF/sketch/primecamfe_prototype.ino.cpp.o
 .rodata._ZTVN7arduino7TwoWireE
                0x0000000000005434       0x50 /home/carobers/.cache/arduino/sketches/A587283E1397D80754C7B4396AFAF7FF/libraries/Wire/Wire.cpp.o
                0x0000000000005434                vtable for arduino::TwoWire
 .rodata.g_APinDescription
                0x0000000000005484      0x318 /home/carobers/.cache/arduino/sketches/A587283E1397D80754C7B4396AFAF7FF/core/variant.cpp.o
                0x0000000000005484                g_APinDescription
 .rodata        0x000000000000579c        0x8 /home/carobers/.cache/arduino/sketches/A587283E1397D80754C7B4396AFAF7FF/../../cores/arduino_samd_nano_33_iot_9a5d7223c21314a81a6ce85ce54ddafd/core.a(CDC.cpp.o)
 .rodata._ZTV7Serial_
                0x00000000000057a4       0x60 /home/carobers/.cache/arduino/sketches/A587283E1397D80754C7B4396AFAF7FF/../../cores/arduino_samd_nano_33_iot_9a5d7223c21314a81a6ce85ce54ddafd/core.a(CDC.cpp.o)
                0x00000000000057a4                vtable for Serial_
 .rodata._ZTV26DoubleBufferedEPOutHandler
                0x0000000000005804       0x24 /home/carobers/.cache/arduino/sketches/A587283E1397D80754C7B4396AFAF7FF/../../cores/arduino_samd_nano_33_iot_9a5d7223c21314a81a6ce85ce54ddafd/core.a(USBCore.cpp.o)
                0x0000000000005804                vtable for DoubleBufferedEPOutHandler
 .rodata._ZL14STRING_PRODUCT
                0x0000000000005828       0x14 /home/carobers/.cache/arduino/sketches/A587283E1397D80754C7B4396AFAF7FF/../../cores/arduino_samd_nano_33_iot_9a5d7223c21314a81a6ce85ce54ddafd/core.a(USBCore.cpp.o)
 .rodata._ZL15STRING_LANGUAGE
                0x000000000000583c        0x4 /home/carobers/.cache/arduino/sketches/A587283E1397D80754C7B4396AFAF7FF/../../cores/arduino_samd_nano_33_iot_9a5d7223c21314a81a6ce85ce54ddafd/core.a(USBCore.cpp.o)
 .rodata._ZL19STRING_MANUFACTURER
                0x0000000000005840        0xc /home/carobers/.cache/arduino/sketches/A587283E1397D80754C7B4396AFAF7FF/../../cores/arduino_samd_nano_33_iot_9a5d7223c21314a81a6ce85ce54ddafd/core.a(USBCore.cpp.o)
 .rodata._ZL21USB_DeviceDescriptorB
                0x000000000000584c       0x12 /home/carobers/.cache/arduino/sketches/A587283E1397D80754C7B4396AFAF7FF/../../cores/arduino_samd_nano_33_iot_9a5d7223c21314a81a6ce85ce54ddafd/core.a(USBCore.cpp.o)
 *fill*         0x000000000000585e        0x2 
 .rodata._ZTV4Uart
                0x0000000000005860       0x34 /home/carobers/.cache/arduino/sketches/A587283E1397D80754C7B4396AFAF7FF/../../cores/arduino_samd_nano_33_iot_9a5d7223c21314a81a6ce85ce54ddafd/core.a(Uart.cpp.o)
                0x0000000000005860                vtable for Uart
 .rodata._ZN7arduino5Print7printlnEv.str1.1
                0x0000000000005894        0x3 /home/carobers/.cache/arduino/sketches/A587283E1397D80754C7B4396AFAF7FF/../../cores/arduino_samd_nano_33_iot_9a5d7223c21314a81a6ce85ce54ddafd/core.a(Print.cpp.o)
 .rodata._ZN7arduino6Stream10readStringEv.str1.1
                0x0000000000005897        0x3 /home/carobers/.cache/arduino/sketches/A587283E1397D80754C7B4396AFAF7FF/../../cores/arduino_samd_nano_33_iot_9a5d7223c21314a81a6ce85ce54ddafd/core.a(Stream.cpp.o)
                                          0x1 (size before relaxing)
 *(.eh_frame*)
 *fill*         0x0000000000005897        0x1 
 .eh_frame      0x0000000000005898        0x0 /home/carobers/.arduino15/packages/arduino/tools/arm-none-eabi-gcc/7-2017q4/bin/../lib/gcc/arm-none-eabi/7.2.1/thumb/v6-m/crtbegin.o
 .eh_frame      0x0000000000005898        0x4 /home/carobers/.arduino15/packages/arduino/tools/arm-none-eabi-gcc/7-2017q4/bin/../lib/gcc/arm-none-eabi/7.2.1/thumb/v6-m/crtend.o

.glue_7         0x000000000000589c        0x0
 .glue_7        0x000000000000589c        0x0 linker stubs

.glue_7t        0x000000000000589c        0x0
 .glue_7t       0x000000000000589c        0x0 linker stubs

.vfp11_veneer   0x000000000000589c        0x0
 .vfp11_veneer  0x000000000000589c        0x0 linker stubs

.v4_bx          0x000000000000589c        0x0
 .v4_bx         0x000000000000589c        0x0 linker stubs

.iplt           0x000000000000589c        0x0
 .iplt          0x000000000000589c        0x0 /home/carobers/.arduino15/packages/arduino/tools/arm-none-eabi-gcc/7-2017q4/bin/../lib/gcc/arm-none-eabi/7.2.1/thumb/v6-m/crtbegin.o

.rel.dyn        0x000000000000589c        0x0
 .rel.iplt      0x000000000000589c        0x0 /home/carobers/.arduino15/packages/arduino/tools/arm-none-eabi-gcc/7-2017q4/bin/../lib/gcc/arm-none-eabi/7.2.1/thumb/v6-m/crtbegin.o

.ARM.extab
 *(.ARM.extab* .gnu.linkonce.armextab.*)
                0x000000000000589c                __exidx_start = .

.ARM.exidx
 *(.ARM.exidx* .gnu.linkonce.armexidx.*)
                0x000000000000589c                __exidx_end = .
                0x000000000000589c                __etext = .

.data           0x0000000020000000       0x8c load address 0x000000000000589c
                0x0000000020000000                __data_start__ = .
 *(vtable)
 *(.data*)
 .data._ZL10breakValue
                0x0000000020000000        0x4 /home/carobers/.cache/arduino/sketches/A587283E1397D80754C7B4396AFAF7FF/../../cores/arduino_samd_nano_33_iot_9a5d7223c21314a81a6ce85ce54ddafd/core.a(CDC.cpp.o)
 .data._serialPeek
                0x0000000020000004        0x4 /home/carobers/.cache/arduino/sketches/A587283E1397D80754C7B4396AFAF7FF/../../cores/arduino_samd_nano_33_iot_9a5d7223c21314a81a6ce85ce54ddafd/core.a(CDC.cpp.o)
                0x0000000020000004                _serialPeek
 .data.SystemCoreClock
                0x0000000020000008        0x4 /home/carobers/.cache/arduino/sketches/A587283E1397D80754C7B4396AFAF7FF/../../cores/arduino_samd_nano_33_iot_9a5d7223c21314a81a6ce85ce54ddafd/core.a(wiring.c.o)
                0x0000000020000008                SystemCoreClock
 .data._ZL5ticks
                0x000000002000000c        0x4 /home/carobers/.cache/arduino/sketches/A587283E1397D80754C7B4396AFAF7FF/../../cores/arduino_samd_nano_33_iot_9a5d7223c21314a81a6ce85ce54ddafd/core.a(Reset.cpp.o)
 .data._impure_ptr
                0x0000000020000010        0x4 /home/carobers/.arduino15/packages/arduino/tools/arm-none-eabi-gcc/7-2017q4/bin/../lib/gcc/arm-none-eabi/7.2.1/../../../../arm-none-eabi/lib/thumb/v6-m/libc_nano.a(lib_a-impure.o)
                0x0000000020000010                _impure_ptr
 .data.impure_data
                0x0000000020000014       0x60 /home/carobers/.arduino15/packages/arduino/tools/arm-none-eabi-gcc/7-2017q4/bin/../lib/gcc/arm-none-eabi/7.2.1/../../../../arm-none-eabi/lib/thumb/v6-m/libc_nano.a(lib_a-impure.o)
                0x0000000020000074                . = ALIGN (0x4)
                0x0000000020000074                PROVIDE (__preinit_array_start, .)
 *(.preinit_array)
                0x0000000020000074                PROVIDE (__preinit_array_end, .)
                0x0000000020000074                . = ALIGN (0x4)
                0x0000000020000074                PROVIDE (__init_array_start, .)
 *(SORT_BY_NAME(.init_array.*))
 *(.init_array)
 .init_array    0x0000000020000074        0x4 /home/carobers/.arduino15/packages/arduino/tools/arm-none-eabi-gcc/7-2017q4/bin/../lib/gcc/arm-none-eabi/7.2.1/thumb/v6-m/crtbegin.o
 .init_array    0x0000000020000078        0x4 /home/carobers/.cache/arduino/sketches/A587283E1397D80754C7B4396AFAF7FF/libraries/Wire/Wire.cpp.o
 .init_array    0x000000002000007c        0x4 /home/carobers/.cache/arduino/sketches/A587283E1397D80754C7B4396AFAF7FF/core/variant.cpp.o
 .init_array    0x0000000020000080        0x4 /home/carobers/.cache/arduino/sketches/A587283E1397D80754C7B4396AFAF7FF/../../cores/arduino_samd_nano_33_iot_9a5d7223c21314a81a6ce85ce54ddafd/core.a(CDC.cpp.o)
 .init_array    0x0000000020000084        0x4 /home/carobers/.cache/arduino/sketches/A587283E1397D80754C7B4396AFAF7FF/../../cores/arduino_samd_nano_33_iot_9a5d7223c21314a81a6ce85ce54ddafd/core.a(USBCore.cpp.o)
                0x0000000020000088                PROVIDE (__init_array_end, .)
                0x0000000020000088                . = ALIGN (0x4)
                [!provide]                        PROVIDE (__fini_array_start, .)
 *(SORT_BY_NAME(.fini_array.*))
 *(.fini_array)
 .fini_array    0x0000000020000088        0x4 /home/carobers/.arduino15/packages/arduino/tools/arm-none-eabi-gcc/7-2017q4/bin/../lib/gcc/arm-none-eabi/7.2.1/thumb/v6-m/crtbegin.o
                [!provide]                        PROVIDE (__fini_array_end, .)
 *(.jcr*)
                0x000000002000008c                . = ALIGN (0x4)
                0x000000002000008c                __data_end__ = .

.igot.plt       0x000000002000008c        0x0 load address 0x0000000000005928
 .igot.plt      0x000000002000008c        0x0 /home/carobers/.arduino15/packages/arduino/tools/arm-none-eabi-gcc/7-2017q4/bin/../lib/gcc/arm-none-eabi/7.2.1/thumb/v6-m/crtbegin.o

.bss            0x000000002000008c      0xf9c load address 0x0000000000005928
                0x000000002000008c                . = ALIGN (0x4)
                0x000000002000008c                __bss_start__ = .
 *(.bss*)
 .bss           0x000000002000008c       0x1c /home/carobers/.arduino15/packages/arduino/tools/arm-none-eabi-gcc/7-2017q4/bin/../lib/gcc/arm-none-eabi/7.2.1/thumb/v6-m/crtbegin.o
 .bss.Wire      0x00000000200000a8      0x23c /home/carobers/.cache/arduino/sketches/A587283E1397D80754C7B4396AFAF7FF/libraries/Wire/Wire.cpp.o
                0x00000000200000a8                Wire
 .bss.Serial1   0x00000000200002e4      0x244 /home/carobers/.cache/arduino/sketches/A587283E1397D80754C7B4396AFAF7FF/core/variant.cpp.o
                0x00000000200002e4                Serial1
 .bss.Serial2   0x0000000020000528      0x244 /home/carobers/.cache/arduino/sketches/A587283E1397D80754C7B4396AFAF7FF/core/variant.cpp.o
                0x0000000020000528                Serial2
 .bss.SerialHCI
                0x000000002000076c      0x244 /home/carobers/.cache/arduino/sketches/A587283E1397D80754C7B4396AFAF7FF/core/variant.cpp.o
                0x000000002000076c                SerialHCI
 .bss.sercom0   0x00000000200009b0        0x8 /home/carobers/.cache/arduino/sketches/A587283E1397D80754C7B4396AFAF7FF/core/variant.cpp.o
                0x00000000200009b0                sercom0
 .bss.sercom1   0x00000000200009b8        0x8 /home/carobers/.cache/arduino/sketches/A587283E1397D80754C7B4396AFAF7FF/core/variant.cpp.o
                0x00000000200009b8                sercom1
 .bss.sercom2   0x00000000200009c0        0x8 /home/carobers/.cache/arduino/sketches/A587283E1397D80754C7B4396AFAF7FF/core/variant.cpp.o
                0x00000000200009c0                sercom2
 .bss.sercom3   0x00000000200009c8        0x8 /home/carobers/.cache/arduino/sketches/A587283E1397D80754C7B4396AFAF7FF/core/variant.cpp.o
                0x00000000200009c8                sercom3
 .bss.sercom4   0x00000000200009d0        0x8 /home/carobers/.cache/arduino/sketches/A587283E1397D80754C7B4396AFAF7FF/core/variant.cpp.o
                0x00000000200009d0                sercom4
 .bss.sercom5   0x00000000200009d8        0x8 /home/carobers/.cache/arduino/sketches/A587283E1397D80754C7B4396AFAF7FF/core/variant.cpp.o
                0x00000000200009d8                sercom5
 .bss.SerialUSB
                0x00000000200009e0       0x3c /home/carobers/.cache/arduino/sketches/A587283E1397D80754C7B4396AFAF7FF/../../cores/arduino_samd_nano_33_iot_9a5d7223c21314a81a6ce85ce54ddafd/core.a(CDC.cpp.o)
                0x00000000200009e0                SerialUSB
 .bss.EndPoints
                0x0000000020000a1c       0x28 /home/carobers/.cache/arduino/sketches/A587283E1397D80754C7B4396AFAF7FF/../../cores/arduino_samd_nano_33_iot_9a5d7223c21314a81a6ce85ce54ddafd/core.a(USBCore.cpp.o)
                0x0000000020000a1c                EndPoints
 .bss.USBDevice
                0x0000000020000a44        0x1 /home/carobers/.cache/arduino/sketches/A587283E1397D80754C7B4396AFAF7FF/../../cores/arduino_samd_nano_33_iot_9a5d7223c21314a81a6ce85ce54ddafd/core.a(USBCore.cpp.o)
                0x0000000020000a44                USBDevice
 *fill*         0x0000000020000a45        0x3 
 .bss._ZL10epHandlers
                0x0000000020000a48       0x1c /home/carobers/.cache/arduino/sketches/A587283E1397D80754C7B4396AFAF7FF/../../cores/arduino_samd_nano_33_iot_9a5d7223c21314a81a6ce85ce54ddafd/core.a(USBCore.cpp.o)
 .bss._ZL14isEndpointHalt
                0x0000000020000a64        0x1 /home/carobers/.cache/arduino/sketches/A587283E1397D80754C7B4396AFAF7FF/../../cores/arduino_samd_nano_33_iot_9a5d7223c21314a81a6ce85ce54ddafd/core.a(USBCore.cpp.o)
 .bss._ZL20LastTransmitTimedOut
                0x0000000020000a65        0x7 /home/carobers/.cache/arduino/sketches/A587283E1397D80754C7B4396AFAF7FF/../../cores/arduino_samd_nano_33_iot_9a5d7223c21314a81a6ce85ce54ddafd/core.a(USBCore.cpp.o)
 .bss._ZL21isRemoteWakeUpEnabled
                0x0000000020000a6c        0x1 /home/carobers/.cache/arduino/sketches/A587283E1397D80754C7B4396AFAF7FF/../../cores/arduino_samd_nano_33_iot_9a5d7223c21314a81a6ce85ce54ddafd/core.a(USBCore.cpp.o)
 *fill*         0x0000000020000a6d        0x3 
 .bss._ZL22udd_ep_in_cache_buffer
                0x0000000020000a70      0x1c0 /home/carobers/.cache/arduino/sketches/A587283E1397D80754C7B4396AFAF7FF/../../cores/arduino_samd_nano_33_iot_9a5d7223c21314a81a6ce85ce54ddafd/core.a(USBCore.cpp.o)
 .bss._ZL23udd_ep_out_cache_buffer
                0x0000000020000c30      0x1c0 /home/carobers/.cache/arduino/sketches/A587283E1397D80754C7B4396AFAF7FF/../../cores/arduino_samd_nano_33_iot_9a5d7223c21314a81a6ce85ce54ddafd/core.a(USBCore.cpp.o)
 .bss._dry_run  0x0000000020000df0        0x1 /home/carobers/.cache/arduino/sketches/A587283E1397D80754C7B4396AFAF7FF/../../cores/arduino_samd_nano_33_iot_9a5d7223c21314a81a6ce85ce54ddafd/core.a(USBCore.cpp.o)
                0x0000000020000df0                _dry_run
 .bss._pack_buffer
                0x0000000020000df1      0x100 /home/carobers/.cache/arduino/sketches/A587283E1397D80754C7B4396AFAF7FF/../../cores/arduino_samd_nano_33_iot_9a5d7223c21314a81a6ce85ce54ddafd/core.a(USBCore.cpp.o)
                0x0000000020000df1                _pack_buffer
 .bss._pack_message
                0x0000000020000ef1        0x1 /home/carobers/.cache/arduino/sketches/A587283E1397D80754C7B4396AFAF7FF/../../cores/arduino_samd_nano_33_iot_9a5d7223c21314a81a6ce85ce54ddafd/core.a(USBCore.cpp.o)
                0x0000000020000ef1                _pack_message
 .bss._pack_size
                0x0000000020000ef2        0x2 /home/carobers/.cache/arduino/sketches/A587283E1397D80754C7B4396AFAF7FF/../../cores/arduino_samd_nano_33_iot_9a5d7223c21314a81a6ce85ce54ddafd/core.a(USBCore.cpp.o)
                0x0000000020000ef2                _pack_size
 .bss._usbConfiguration
                0x0000000020000ef4        0x4 /home/carobers/.cache/arduino/sketches/A587283E1397D80754C7B4396AFAF7FF/../../cores/arduino_samd_nano_33_iot_9a5d7223c21314a81a6ce85ce54ddafd/core.a(USBCore.cpp.o)
                0x0000000020000ef4                _usbConfiguration
 .bss._usbSetInterface
                0x0000000020000ef8        0x4 /home/carobers/.cache/arduino/sketches/A587283E1397D80754C7B4396AFAF7FF/../../cores/arduino_samd_nano_33_iot_9a5d7223c21314a81a6ce85ce54ddafd/core.a(USBCore.cpp.o)
                0x0000000020000ef8                _usbSetInterface
 .bss.usbd      0x0000000020000efc      0x104 /home/carobers/.cache/arduino/sketches/A587283E1397D80754C7B4396AFAF7FF/../../cores/arduino_samd_nano_33_iot_9a5d7223c21314a81a6ce85ce54ddafd/core.a(USBCore.cpp.o)